#
# A fatal error has been detected by the Java Runtime Environment:
#
#  EXCEPTION_ACCESS_VIOLATION (0xc0000005) at pc=0x000001f7f4800f84, pid=17948, tid=18124
#
# JRE version: Java(TM) SE Runtime Environment (21.0.8+12) (build 21.0.8+12-LTS-250)
# Java VM: Java HotSpot(TM) 64-Bit Server VM (21.0.8+12-LTS-250, mixed mode, emulated-client, sharing, tiered, compressed oops, compressed class ptrs, g1 gc, windows-amd64)
# Problematic frame:
# v  ~BufferBlob::MethodHandles adapters 0x000001f7f4800f84
#
# No core dump will be written. Minidumps are not enabled by default on client versions of Windows
#
# If you would like to submit a bug report, please visit:
#   https://bugreport.java.com/bugreport/crash.jsp
#

---------------  S U M M A R Y ------------

Command Line: -agentlib:jdwp=transport=dt_socket,address=127.0.0.1:62491,suspend=y,server=n -XX:TieredStopAtLevel=1 -Dspring.profiles.active=dev -Dspring.output.ansi.enabled=always -Dcom.sun.management.jmxremote -Dspring.jmx.enabled=true -Dspring.liveBeansView.mbeanDomain -Dspring.application.admin.enabled=true -Dmanagement.endpoints.jmx.exposure.include=* -javaagent:C:\Users\User\Downloads\ideaIU-2024.2.6.win\plugins\java\lib\rt\debugger-agent.jar -Dkotlinx.coroutines.debug.enable.creation.stack.trace=false -Ddebugger.agent.enable.coroutines=true -Dfile.encoding=UTF-8 -Dsun.stdout.encoding=UTF-8 -Dsun.stderr.encoding=UTF-8 org.stringtecnologia.string_api.StringApiApplication

Host: Intel(R) Core(TM) i7-4770 CPU @ 3.40GHz, 8 cores, 7G,  Windows 10 , 64 bit Build 19041 (10.0.19041.5915)
Time: Mon Jun 15 14:59:06 2026 Hora oficial do Brasil elapsed time: 204.451211 seconds (0d 0h 3m 24s)

---------------  T H R E A D  ---------------

Current thread (0x000001f7c5d06de0):  JavaThread "http-nio-8080-exec-2" daemon [_thread_in_Java, id=18124, stack(0x00000071c7b00000,0x00000071c7c00000) (1024K)]

Stack: [0x00000071c7b00000,0x00000071c7c00000],  sp=0x00000071c7bfbb58,  free space=1006k
Native frames: (J=compiled Java code, j=interpreted, Vv=VM code, C=native code)
C  0x000001f7f4800f84

The last pc belongs to _linkToVirtual (printed below).

siginfo: EXCEPTION_ACCESS_VIOLATION (0xc0000005), reading address 0xffffffffffffffff


Registers:
RAX=0x000001f7f47d958b, RBX=0x0000000083bb8de8, RCX=0x00000071c7bfbb60, RDX=0x0000000000000002
RSP=0x00000071c7bfbb58, RBP=0x00000071c7bfbba8, RSI=0x000001f7fd6bfeb8, RDI=0x000001f7fdd2f680
R8 =0x0000000000000004, R9 =0x0000000000000004, R10=0x000001f80072bdfa, R11=0x83b586e883bb7b80
R12=0x0000000000000000, R13=0x00000071c7bfbb58, R14=0x00000071c7bfbbc8, R15=0x000001f7c5d06de0
RIP=0x000001f7f4800f84, EFLAGS=0x0000000000010206


Register to memory mapping:

RAX=0x000001f7f47d958b is at code_begin+4363 in an Interpreter codelet
return entry points  [0x000001f7f47d8480, 0x000001f7f47da298]  7704 bytes
RBX=0x0000000083bb8de8 is an oop: org.stringtecnologia.string_api.resources.RelatorioController 
{0x0000000083bb8de8} - klass: 'org/stringtecnologia/string_api/resources/RelatorioController'
 - ---- fields (total size 4 words):
 - private 'frontendUrl' 'Ljava/lang/String;' @12  "https://stringtecnologiadf.org:4200"{0x0000000083bb8e08} (0x83bb8e08)
 - private 'pdfService' 'Lorg/stringtecnologia/string_api/services/PdfService;' @16  a 'org/stringtecnologia/string_api/services/PdfService'{0x0000000083bb7b80} (0x83bb7b80)
 - private 'repository' 'Lorg/stringtecnologia/string_api/repository/DocumentoRepository;' @20  a 'jdk/proxy2/$Proxy166'{0x0000000083b586e8} (0x83b586e8)
 - private final 'geradorDocumentoGenericoService' 'Lorg/stringtecnologia/string_api/services/GeradorDocumentoGenericoService;' @24  a 'org/stringtecnologia/string_api/services/GeradorDocumentoGenericoService'{0x0000000083bb7270} (0x83bb7270)
RCX=0x00000071c7bfbb60 is pointing into the stack for thread: 0x000001f7c5d06de0
RDX=0x0000000000000002 is an unknown value
RSP=0x00000071c7bfbb58 is pointing into the stack for thread: 0x000001f7c5d06de0
RBP=0x00000071c7bfbba8 is pointing into the stack for thread: 0x000001f7c5d06de0
RSI=0x000001f7fd6bfeb8 points into unknown readable memory: 0x88001000f0a189eb | eb 89 a1 f0 00 10 00 88
RDI=0x000001f7fdd2f680 points into unknown readable memory: 0x0000001800000060 | 60 00 00 00 18 00 00 00
R8 =0x0000000000000004 is an unknown value
R9 =0x0000000000000004 is an unknown value
R10=0x000001f80072bdfa is an unknown value
R11=0x83b586e883bb7b80 is an unknown value
R12=0x0 is null
R13=0x00000071c7bfbb58 is pointing into the stack for thread: 0x000001f7c5d06de0
R14=0x00000071c7bfbbc8 is pointing into the stack for thread: 0x000001f7c5d06de0
R15=0x000001f7c5d06de0 is a thread

Top of Stack: (sp=0x00000071c7bfbb58)
0x00000071c7bfbb58:   000001f7f47d958b 00000071c7bfbb60
0x00000071c7bfbb68:   000001f78072bdfa 0000000000000004
0x00000071c7bfbb78:   000001f7800b1848 0000007100000000
0x00000071c7bfbb88:   00000000820973f0 000001f7800b4398
0x00000071c7bfbb98:   00000071c7bfbb58 00000071c7bfbbd0
0x00000071c7bfbba8:   00000071c7bfbea8 000001f7f4f12128
0x00000071c7bfbbb8:   00000000859ea658 0000000083bb8de8
0x00000071c7bfbbc8:   00000000859ea7a8 00007ffe1aa7f9d0
0x00000071c7bfbbd8:   00007ffe1a0945f9 0000000082317020
0x00000071c7bfbbe8:   00000000859ea978 0000000083bb8de8
0x00000071c7bfbbf8:   00000000859ea928 00000000859ea7a8
0x00000071c7bfbc08:   0000000083bb8de8 000001f7f4f12064
0x00000071c7bfbc18:   0000000000000001 00000071c7bfbea8
0x00000071c7bfbc28:   000001f7f50e36b4 0000000083b30df0
0x00000071c7bfbc38:   00000071c7bfbca0 00000071c7bfbea8
0x00000071c7bfbc48:   000001f7f4c4065c 00000071c7bfb5d0
0x00000071c7bfbc58:   00000071c7bfb5d4 00000071c7bfbea8
0x00000071c7bfbc68:   000001f7f54a8f6c 0000000000000000
0x00000071c7bfbc78:   0000000000000000 0000000000000000
0x00000071c7bfbc88:   0000000000000000 0000000000000000
0x00000071c7bfbc98:   0000000000000000 0000000000000000
0x00000071c7bfbca8:   0000000000000000 0000000000000000
0x00000071c7bfbcb8:   00000071c7bfaa00 0000000083b31210
0x00000071c7bfbcc8:   000000008211c2a0 0000000083b31210
0x00000071c7bfbcd8:   00000000859ea9a0 0000000084fb4968
0x00000071c7bfbce8:   0000000083bb8de8 00000071c7bfbea8
0x00000071c7bfbcf8:   000001f7f5445c75 0000000083b31210
0x00000071c7bfbd08:   0000000000000000 00000071c7bfbea8
0x00000071c7bfbd18:   00000000859ea978 0000000000000000
0x00000071c7bfbd28:   000001f7f49f68a9 0000000000000000
0x00000071c7bfbd38:   000001f780043c58 00000071c7bfbd90
0x00000071c7bfbd48:   0000000000000000 0000000083b30df0 

Instructions: (pc=0x000001f7f4800f84)
0x000001f7f4800e84:   00 00 00 00 01 00 00 00 00 00 00 00 80 80 7f 1a
0x000001f7f4800e94:   fe 7f 00 00 00 0f 80 f4 f7 01 00 00 80 1f 80 f4
0x000001f7f4800ea4:   f7 01 00 00 00 0f 80 f4 f7 01 00 00 80 1f 80 f4
0x000001f7f4800eb4:   f7 01 00 00 f0 0e 80 f4 f7 01 00 00 f0 0e 80 f4
0x000001f7f4800ec4:   f7 01 00 00 00 00 00 00 00 00 00 00 20 81 7f 1a
0x000001f7f4800ed4:   fe 7f 00 00 f0 10 00 00 60 00 00 00 ff ff ff ff
0x000001f7f4800ee4:   f0 10 00 00 00 00 00 00 00 00 00 00 00 00 00 00
0x000001f7f4800ef4:   00 00 00 00 00 00 00 00 00 00 00 00 f4 66 66 66
0x000001f7f4800f04:   0f 1f 84 00 00 00 00 00 66 66 66 90 66 66 66 0f
0x000001f7f4800f14:   1f 84 00 00 00 00 00 66 66 66 90 90 48 8b 53 08
0x000001f7f4800f24:   0f b7 52 2e 48 8b 0c d4 8b 59 14 8b 5b 28 8b 5b
0x000001f7f4800f34:   24 48 8b 5b 10 48 85 db 0f 84 10 00 00 00 41 80
0x000001f7f4800f44:   bf d8 05 00 00 00 74 03 ff 63 38 ff 63 50 e9 a9
0x000001f7f4800f54:   16 00 00 66 0f 1f 84 00 00 00 00 00 48 8b 53 08
0x000001f7f4800f64:   0f b7 52 2e 48 8b 0c d4 58 5b 50 44 8b 51 08 49
0x000001f7f4800f74:   bb 00 00 00 80 f7 01 00 00 4d 03 d3 4c 8b 5b 10
0x000001f7f4800f84:   4b 8b 9c da c0 01 00 00 48 85 db 0f 84 10 00 00
0x000001f7f4800f94:   00 41 80 bf d8 05 00 00 00 74 03 ff 63 38 ff 63
0x000001f7f4800fa4:   50 e9 56 16 00 00 66 66 66 0f 1f 84 00 00 00 00
0x000001f7f4800fb4:   00 66 66 66 90 0f 1f 80 00 00 00 00 58 5b 50 8b
0x000001f7f4800fc4:   5b 24 48 8b 5b 10 48 85 db 0f 84 10 00 00 00 41
0x000001f7f4800fd4:   80 bf d8 05 00 00 00 74 03 ff 63 38 ff 63 50 e9
0x000001f7f4800fe4:   18 16 00 00 66 66 66 0f 1f 84 00 00 00 00 00 66
0x000001f7f4800ff4:   66 66 90 66 0f 1f 84 00 00 00 00 00 48 8b 53 08
0x000001f7f4801004:   0f b7 52 2e 48 8b 0c d4 58 5b 50 48 3b 01 8b 5b
0x000001f7f4801014:   24 48 8b 5b 10 48 85 db 0f 84 10 00 00 00 41 80
0x000001f7f4801024:   bf d8 05 00 00 00 74 03 ff 63 38 ff 63 50 e9 c9
0x000001f7f4801034:   15 00 00 66 0f 1f 84 00 00 00 00 00 48 8b 53 08
0x000001f7f4801044:   0f b7 52 2e 48 8b 0c d4 58 5b 50 44 8b 51 08 49
0x000001f7f4801054:   bb 00 00 00 80 f7 01 00 00 4d 03 d3 8b 43 18 48
0x000001f7f4801064:   8b 40 10 48 8b 5b 10 45 8b 9a a0 00 00 00 4f 8d
0x000001f7f4801074:   9c da c0 01 00 00 4d 8d 14 da 49 8b 1b 48 3b c3 


Stack slot to memory mapping:

stack at sp + 0 slots: 0x000001f7f47d958b is at code_begin+4363 in an Interpreter codelet
return entry points  [0x000001f7f47d8480, 0x000001f7f47da298]  7704 bytes
stack at sp + 1 slots: 0x00000071c7bfbb60 is pointing into the stack for thread: 0x000001f7c5d06de0
stack at sp + 2 slots: 0x000001f78072bdfa is pointing into metadata
stack at sp + 3 slots: 0x0000000000000004 is an unknown value
stack at sp + 4 slots: 0x000001f7800b1848 is pointing into metadata
stack at sp + 5 slots: 0x0000007100000000 is an unknown value
stack at sp + 6 slots: 0x00000000820973f0 is an oop: java.lang.Class 
{0x00000000820973f0} - klass: 'java/lang/Class'
 - ---- fields (total size 14 words):
 - private volatile transient 'classRedefinedCount' 'I' @12  0 (0x00000000)
 - injected 'klass' 'J' @16  2162516759584 (0x000001f7800b1420)
 - injected 'array_klass' 'J' @24  0 (0x0000000000000000)
 - injected 'oop_size' 'I' @32  14 (0x0000000e)
 - injected 'static_oop_field_count' 'I' @36  0 (0x00000000)
 - private volatile transient 'cachedConstructor' 'Ljava/lang/reflect/Constructor;' @40  null (0x00000000)
 - private transient 'name' 'Ljava/lang/String;' @44  "java.lang.invoke.DirectMethodHandle$Holder"{0x0000000082097460} (0x82097460)
 - private transient 'module' 'Ljava/lang/Module;' @48  a 'java/lang/Module'{0x00000000820b5290} (0x820b5290)
 - private final 'classLoader' 'Ljava/lang/ClassLoader;' @52  null (0x00000000)
 - private transient 'classData' 'Ljava/lang/Object;' @56  null (0x00000000)
 - private transient 'packageName' 'Ljava/lang/String;' @60  null (0x00000000)
 - private final 'componentType' 'Ljava/lang/Class;' @64  null (0x00000000)
 - private volatile transient 'reflectionData' 'Ljava/lang/ref/SoftReference;' @68  null (0x00000000)
 - private volatile transient 'genericInfo' 'Lsun/reflect/generics/repository/ClassRepository;' @72  null (0x00000000)
 - private volatile transient 'enumConstants' '[Ljava/lang/Object;' @76  null (0x00000000)
 - private volatile transient 'enumConstantDirectory' 'Ljava/util/Map;' @80  null (0x00000000)
 - private volatile transient 'annotationData' 'Ljava/lang/Class$AnnotationData;' @84  null (0x00000000)
 - private volatile transient 'annotationType' 'Lsun/reflect/annotation/AnnotationType;' @88  null (0x00000000)
 - transient 'classValueMap' 'Ljava/lang/ClassValue$ClassValueMap;' @92  null (0x00000000)
 - injected 'protection_domain' 'Ljava/lang/Object;' @96  null (0x00000000)
 - injected 'signers_name' 'Ljava/lang/Object;' @100  null (0x00000000)
 - injected 'source_file' 'Ljava/lang/Object;' @104  null (0x00000000)
 - injected '<init_lock>' 'Ljava/lang/Object;' @108  null (0x00000000)
 - signature: Ljava/lang/invoke/DirectMethodHandle$Holder;
 - ---- static fields (0):
stack at sp + 7 slots: {method} {0x000001f7800b43a0} 'invokeVirtual' '(Ljava/lang/Object;Ljava/lang/Object;)Ljava/lang/Object;' in 'java/lang/invoke/DirectMethodHandle$Holder'

MethodHandle::interpreter_entry::_linkToVirtual [0x000001f7f4800f57, 0x000001f7f4800faa] (83 bytes)
[MachCode]
  0x000001f7f4800f57: 660f 1f84 | 0000 0000 | 0048 8b53 | 080f b752 | 2e48 8b0c | d458 5b50 | 448b 5108 | 49bb 0000 
  0x000001f7f4800f77: 0080 f701 | 0000 4d03 | d34c 8b5b | 104b 8b9c | dac0 0100 | 0048 85db | 0f84 1000 | 0000 4180 
  0x000001f7f4800f97: bfd8 0500 | 0000 7403 | ff63 38ff | 6350 e956 | 
[/MachCode]

---------------  P R O C E S S  ---------------

Threads class SMR info:
_java_thread_list=0x000001f7ca693670, length=30, elements={
0x000001f7fcadd8e0, 0x000001f7fcade490, 0x000001f7fcadf420, 0x000001f7fcae0fe0,
0x000001f7fcae3a40, 0x000001f7fcae4490, 0x000001f7fcaf2400, 0x000001f7fcaaa060,
0x000001f7fcdbc910, 0x000001f7fcdd4320, 0x000001f7fcdd89b0, 0x000001f7fd426220,
0x000001f7fd6e9fd0, 0x000001f7ff284050, 0x000001f7fcdb9580, 0x000001f7ff116f20,
0x000001f7fe0e96e0, 0x000001f7c5d06750, 0x000001f7c5d06de0, 0x000001f7c5d07470,
0x000001f7c5d060c0, 0x000001f7c5d07b00, 0x000001f7c5d04680, 0x000001f7c5d04d10,
0x000001f7c5d05a30, 0x000001f7c5d053a0, 0x000001f7ca0f4e00, 0x000001f7ca0f1980,
0x000001f7ca0f2010, 0x000001f7ca0f6840
}

Java Threads: ( => current thread )
  0x000001f7fcadd8e0 JavaThread "Reference Handler"          daemon [_thread_blocked, id=2060, stack(0x00000071c5f00000,0x00000071c6000000) (1024K)]
  0x000001f7fcade490 JavaThread "Finalizer"                  daemon [_thread_blocked, id=17924, stack(0x00000071c6000000,0x00000071c6100000) (1024K)]
  0x000001f7fcadf420 JavaThread "Signal Dispatcher"          daemon [_thread_blocked, id=12656, stack(0x00000071c6100000,0x00000071c6200000) (1024K)]
  0x000001f7fcae0fe0 JavaThread "Attach Listener"            daemon [_thread_blocked, id=14584, stack(0x00000071c6200000,0x00000071c6300000) (1024K)]
  0x000001f7fcae3a40 JavaThread "Service Thread"             daemon [_thread_blocked, id=16096, stack(0x00000071c6300000,0x00000071c6400000) (1024K)]
  0x000001f7fcae4490 JavaThread "Monitor Deflation Thread"   daemon [_thread_blocked, id=14856, stack(0x00000071c6400000,0x00000071c6500000) (1024K)]
  0x000001f7fcaf2400 JavaThread "C1 CompilerThread0"         daemon [_thread_blocked, id=11148, stack(0x00000071c6500000,0x00000071c6600000) (1024K)]
  0x000001f7fcaaa060 JavaThread "Common-Cleaner"             daemon [_thread_blocked, id=13648, stack(0x00000071c6600000,0x00000071c6700000) (1024K)]
  0x000001f7fcdbc910 JavaThread "JDWP Transport Listener: dt_socket" daemon [_thread_blocked, id=15408, stack(0x00000071c6800000,0x00000071c6900000) (1024K)]
  0x000001f7fcdd4320 JavaThread "JDWP Event Helper Thread"   daemon [_thread_blocked, id=16924, stack(0x00000071c6900000,0x00000071c6a00000) (1024K)]
  0x000001f7fcdd89b0 JavaThread "JDWP Command Reader"        daemon [_thread_in_native, id=5648, stack(0x00000071c6a00000,0x00000071c6b00000) (1024K)]
  0x000001f7fd426220 JavaThread "Notification Thread"        daemon [_thread_blocked, id=18568, stack(0x00000071c6d00000,0x00000071c6e00000) (1024K)]
  0x000001f7fd6e9fd0 JavaThread "RMI TCP Accept-0"           daemon [_thread_in_native, id=2316, stack(0x00000071c7500000,0x00000071c7600000) (1024K)]
  0x000001f7ff284050 JavaThread "Catalina-utility-1"                [_thread_blocked, id=16108, stack(0x00000071c7600000,0x00000071c7700000) (1024K)]
  0x000001f7fcdb9580 JavaThread "Catalina-utility-2"                [_thread_blocked, id=14092, stack(0x00000071c7800000,0x00000071c7900000) (1024K)]
  0x000001f7ff116f20 JavaThread "container-0"                       [_thread_blocked, id=13792, stack(0x00000071c7900000,0x00000071c7a00000) (1024K)]
  0x000001f7fe0e96e0 JavaThread "HttpClient-1-SelectorManager" daemon [_thread_in_native, id=15336, stack(0x00000071c6c00000,0x00000071c6d00000) (1024K)]
  0x000001f7c5d06750 JavaThread "http-nio-8080-exec-1"       daemon [_thread_blocked, id=19820, stack(0x00000071c7a00000,0x00000071c7b00000) (1024K)]
=>0x000001f7c5d06de0 JavaThread "http-nio-8080-exec-2"       daemon [_thread_in_Java, id=18124, stack(0x00000071c7b00000,0x00000071c7c00000) (1024K)]
  0x000001f7c5d07470 JavaThread "http-nio-8080-exec-3"       daemon [_thread_blocked, id=12256, stack(0x00000071c7c00000,0x00000071c7d00000) (1024K)]
  0x000001f7c5d060c0 JavaThread "http-nio-8080-exec-4"       daemon [_thread_blocked, id=17920, stack(0x00000071c7d00000,0x00000071c7e00000) (1024K)]
  0x000001f7c5d07b00 JavaThread "http-nio-8080-exec-5"       daemon [_thread_blocked, id=18060, stack(0x00000071c7e00000,0x00000071c7f00000) (1024K)]
  0x000001f7c5d04680 JavaThread "http-nio-8080-exec-6"       daemon [_thread_blocked, id=19116, stack(0x00000071c7f00000,0x00000071c8000000) (1024K)]
  0x000001f7c5d04d10 JavaThread "http-nio-8080-exec-7"       daemon [_thread_blocked, id=6128, stack(0x00000071c8000000,0x00000071c8100000) (1024K)]
  0x000001f7c5d05a30 JavaThread "http-nio-8080-exec-8"       daemon [_thread_blocked, id=16832, stack(0x00000071c8100000,0x00000071c8200000) (1024K)]
  0x000001f7c5d053a0 JavaThread "http-nio-8080-exec-9"       daemon [_thread_blocked, id=6148, stack(0x00000071c8200000,0x00000071c8300000) (1024K)]
  0x000001f7ca0f4e00 JavaThread "http-nio-8080-exec-10"      daemon [_thread_blocked, id=14904, stack(0x00000071c8300000,0x00000071c8400000) (1024K)]
  0x000001f7ca0f1980 JavaThread "http-nio-8080-Poller"       daemon [_thread_in_native, id=16380, stack(0x00000071c8400000,0x00000071c8500000) (1024K)]
  0x000001f7ca0f2010 JavaThread "http-nio-8080-Acceptor"     daemon [_thread_in_native, id=6812, stack(0x00000071c8500000,0x00000071c8600000) (1024K)]
  0x000001f7ca0f6840 JavaThread "DestroyJavaVM"                     [_thread_blocked, id=14944, stack(0x00000071c5700000,0x00000071c5800000) (1024K)]
Total: 30

Other Threads:
  0x000001f7fcabc930 VMThread "VM Thread"                           [id=16812, stack(0x00000071c5e00000,0x00000071c5f00000) (1024K)]
  0x000001f7fcaa84d0 WatcherThread "VM Periodic Task Thread"        [id=4632, stack(0x00000071c5d00000,0x00000071c5e00000) (1024K)]
  0x000001f7ec39c2a0 WorkerThread "GC Thread#0"                     [id=14292, stack(0x00000071c5800000,0x00000071c5900000) (1024K)]
  0x000001f7fd6a1b60 WorkerThread "GC Thread#1"                     [id=996, stack(0x00000071c6e00000,0x00000071c6f00000) (1024K)]
  0x000001f7fd6b4af0 WorkerThread "GC Thread#2"                     [id=12432, stack(0x00000071c6f00000,0x00000071c7000000) (1024K)]
  0x000001f7fd6ce0b0 WorkerThread "GC Thread#3"                     [id=11732, stack(0x00000071c7000000,0x00000071c7100000) (1024K)]
  0x000001f7fd6ce450 WorkerThread "GC Thread#4"                     [id=8216, stack(0x00000071c7100000,0x00000071c7200000) (1024K)]
  0x000001f7fd6ce7f0 WorkerThread "GC Thread#5"                     [id=19308, stack(0x00000071c7200000,0x00000071c7300000) (1024K)]
  0x000001f7fd6cefa0 WorkerThread "GC Thread#6"                     [id=4304, stack(0x00000071c7300000,0x00000071c7400000) (1024K)]
  0x000001f7fd6d0360 WorkerThread "GC Thread#7"                     [id=10708, stack(0x00000071c7400000,0x00000071c7500000) (1024K)]
  0x000001f7ec3acf00 ConcurrentGCThread "G1 Main Marker"            [id=5092, stack(0x00000071c5900000,0x00000071c5a00000) (1024K)]
  0x000001f7ec3ae7c0 WorkerThread "G1 Conc#0"                       [id=16228, stack(0x00000071c5a00000,0x00000071c5b00000) (1024K)]
  0x000001f7fdfb7b00 WorkerThread "G1 Conc#1"                       [id=9740, stack(0x00000071c7700000,0x00000071c7800000) (1024K)]
  0x000001f7fc96b930 ConcurrentGCThread "G1 Refine#0"               [id=16412, stack(0x00000071c5b00000,0x00000071c5c00000) (1024K)]
  0x000001f7fc96c2b0 ConcurrentGCThread "G1 Service"                [id=19920, stack(0x00000071c5c00000,0x00000071c5d00000) (1024K)]
Total: 15

Threads with active compile tasks:
Total: 0

VM state: not at safepoint (normal execution)

VM Mutex/Monitor currently owned by a thread: None

Heap address: 0x0000000081a00000, size: 2022 MB, Compressed Oops mode: 32-bit

CDS archive(s) mapped at: [0x000001f780000000-0x000001f780c90000-0x000001f780c90000), size 13172736, SharedBaseAddress: 0x000001f780000000, ArchiveRelocationMode: 1.
Compressed class space mapped at: 0x000001f781000000-0x000001f7c1000000, reserved size: 1073741824
Narrow klass base: 0x000001f780000000, Narrow klass shift: 0, Narrow klass range: 0x100000000

GC Precious Log:
 CardTable entry size: 512
 Card Set container configuration: InlinePtr #cards 5 size 8 Array Of Cards #cards 12 size 40 Howl #buckets 4 coarsen threshold 1843 Howl Bitmap #cards 512 size 80 coarsen threshold 460 Card regions per heap region 1 cards per card region 2048
 CPUs: 8 total, 8 available
 Memory: 8086M
 Large Page Support: Disabled
 NUMA Support: Disabled
 Compressed Oops: Enabled (32-bit)
 Heap Region Size: 1M
 Heap Min Capacity: 8M
 Heap Initial Capacity: 128M
 Heap Max Capacity: 2022M
 Pre-touch: Disabled
 Parallel Workers: 8
 Concurrent Workers: 2
 Concurrent Refinement Workers: 8
 Periodic GC: Disabled

Heap:
 garbage-first heap   total 75776K, used 54976K [0x0000000081a00000, 0x0000000100000000)
  region size 1024K, 16 young (16384K), 3 survivors (3072K)
 Metaspace       used 95119K, committed 95872K, reserved 1179648K
  class space    used 13681K, committed 14016K, reserved 1048576K

Heap Regions: E=young(eden), S=young(survivor), O=old, HS=humongous(starts), HC=humongous(continues), CS=collection set, F=free, TAMS=top-at-mark-start, PB=parsable bottom
|   0|0x0000000081a00000, 0x0000000081b00000, 0x0000000081b00000|100%|HS|  |TAMS 0x0000000081a00000| PB 0x0000000081a00000| Complete 
|   1|0x0000000081b00000, 0x0000000081c00000, 0x0000000081c00000|100%|HS|  |TAMS 0x0000000081b00000| PB 0x0000000081b00000| Complete 
|   2|0x0000000081c00000, 0x0000000081d00000, 0x0000000081d00000|100%| O|  |TAMS 0x0000000081c00000| PB 0x0000000081c00000| Untracked 
|   3|0x0000000081d00000, 0x0000000081e00000, 0x0000000081e00000|100%| O|  |TAMS 0x0000000081d00000| PB 0x0000000081d00000| Untracked 
|   4|0x0000000081e00000, 0x0000000081f00000, 0x0000000081f00000|100%| O|  |TAMS 0x0000000081e00000| PB 0x0000000081e00000| Untracked 
|   5|0x0000000081f00000, 0x0000000082000000, 0x0000000082000000|100%| O|  |TAMS 0x0000000081f00000| PB 0x0000000081f00000| Untracked 
|   6|0x0000000082000000, 0x0000000082100000, 0x0000000082100000|100%| O|  |TAMS 0x0000000082000000| PB 0x0000000082000000| Untracked 
|   7|0x0000000082100000, 0x0000000082200000, 0x0000000082200000|100%| O|  |TAMS 0x0000000082100000| PB 0x0000000082100000| Untracked 
|   8|0x0000000082200000, 0x0000000082300000, 0x0000000082300000|100%| O|  |TAMS 0x0000000082200000| PB 0x0000000082200000| Untracked 
|   9|0x0000000082300000, 0x0000000082400000, 0x0000000082400000|100%| O|  |TAMS 0x0000000082300000| PB 0x0000000082300000| Untracked 
|  10|0x0000000082400000, 0x0000000082500000, 0x0000000082500000|100%| O|  |TAMS 0x0000000082400000| PB 0x0000000082400000| Untracked 
|  11|0x0000000082500000, 0x0000000082600000, 0x0000000082600000|100%| O|  |TAMS 0x0000000082500000| PB 0x0000000082500000| Untracked 
|  12|0x0000000082600000, 0x0000000082700000, 0x0000000082700000|100%| O|  |TAMS 0x0000000082600000| PB 0x0000000082600000| Untracked 
|  13|0x0000000082700000, 0x0000000082800000, 0x0000000082800000|100%| O|  |TAMS 0x0000000082700000| PB 0x0000000082700000| Untracked 
|  14|0x0000000082800000, 0x0000000082900000, 0x0000000082900000|100%| O|Cm|TAMS 0x0000000082800000| PB 0x0000000082800000| Complete 
|  15|0x0000000082900000, 0x0000000082a00000, 0x0000000082a00000|100%| O|  |TAMS 0x0000000082900000| PB 0x0000000082900000| Untracked 
|  16|0x0000000082a00000, 0x0000000082b00000, 0x0000000082b00000|100%| O|Cm|TAMS 0x0000000082a00000| PB 0x0000000082a00000| Complete 
|  17|0x0000000082b00000, 0x0000000082c00000, 0x0000000082c00000|100%| O|  |TAMS 0x0000000082b00000| PB 0x0000000082b00000| Untracked 
|  18|0x0000000082c00000, 0x0000000082d00000, 0x0000000082d00000|100%| O|  |TAMS 0x0000000082c00000| PB 0x0000000082c00000| Untracked 
|  19|0x0000000082d00000, 0x0000000082e00000, 0x0000000082e00000|100%| O|  |TAMS 0x0000000082d00000| PB 0x0000000082d00000| Untracked 
|  20|0x0000000082e00000, 0x0000000082f00000, 0x0000000082f00000|100%| O|  |TAMS 0x0000000082e00000| PB 0x0000000082e00000| Untracked 
|  21|0x0000000082f00000, 0x0000000083000000, 0x0000000083000000|100%| O|Cm|TAMS 0x0000000082f00000| PB 0x0000000082f00000| Complete 
|  22|0x0000000083000000, 0x0000000083100000, 0x0000000083100000|100%| O|  |TAMS 0x0000000083000000| PB 0x0000000083000000| Untracked 
|  23|0x0000000083100000, 0x0000000083200000, 0x0000000083200000|100%| O|  |TAMS 0x0000000083100000| PB 0x0000000083100000| Untracked 
|  24|0x0000000083200000, 0x0000000083300000, 0x0000000083300000|100%| O|Cm|TAMS 0x0000000083200000| PB 0x0000000083200000| Complete 
|  25|0x0000000083300000, 0x0000000083400000, 0x0000000083400000|100%| O|  |TAMS 0x0000000083300000| PB 0x0000000083300000| Untracked 
|  26|0x0000000083400000, 0x0000000083500000, 0x0000000083500000|100%| O|  |TAMS 0x0000000083400000| PB 0x0000000083400000| Untracked 
|  27|0x0000000083500000, 0x0000000083600000, 0x0000000083600000|100%| O|  |TAMS 0x0000000083500000| PB 0x0000000083500000| Untracked 
|  28|0x0000000083600000, 0x0000000083700000, 0x0000000083700000|100%| O|Cm|TAMS 0x0000000083600000| PB 0x0000000083600000| Complete 
|  29|0x0000000083700000, 0x0000000083800000, 0x0000000083800000|100%| O|  |TAMS 0x0000000083700000| PB 0x0000000083700000| Untracked 
|  30|0x0000000083800000, 0x0000000083900000, 0x0000000083900000|100%| O|  |TAMS 0x0000000083800000| PB 0x0000000083800000| Untracked 
|  31|0x0000000083900000, 0x0000000083a00000, 0x0000000083a00000|100%| O|  |TAMS 0x0000000083900000| PB 0x0000000083900000| Untracked 
|  32|0x0000000083a00000, 0x0000000083b00000, 0x0000000083b00000|100%| O|Cm|TAMS 0x0000000083a00000| PB 0x0000000083a00000| Complete 
|  33|0x0000000083b00000, 0x0000000083c00000, 0x0000000083c00000|100%| O|  |TAMS 0x0000000083b00000| PB 0x0000000083b00000| Untracked 
|  34|0x0000000083c00000, 0x0000000083d00000, 0x0000000083d00000|100%| O|Cm|TAMS 0x0000000083c00000| PB 0x0000000083c00000| Complete 
|  35|0x0000000083d00000, 0x0000000083e00000, 0x0000000083e00000|100%| O|Cm|TAMS 0x0000000083d00000| PB 0x0000000083d00000| Complete 
|  36|0x0000000083e00000, 0x0000000083f00000, 0x0000000083f00000|100%| O|  |TAMS 0x0000000083e00000| PB 0x0000000083e00000| Untracked 
|  37|0x0000000083f00000, 0x0000000084000000, 0x0000000084000000|100%| O|Cm|TAMS 0x0000000083f00000| PB 0x0000000083f00000| Complete 
|  38|0x0000000084000000, 0x0000000084100000, 0x0000000084100000|100%| O|  |TAMS 0x0000000084000000| PB 0x0000000084000000| Untracked 
|  39|0x0000000084100000, 0x00000000841bf230, 0x0000000084200000| 74%| O|  |TAMS 0x0000000084100000| PB 0x0000000084100000| Untracked 
|  40|0x0000000084200000, 0x0000000084200000, 0x0000000084300000|  0%| F|  |TAMS 0x0000000084200000| PB 0x0000000084200000| Untracked 
|  41|0x0000000084300000, 0x0000000084300000, 0x0000000084400000|  0%| F|  |TAMS 0x0000000084300000| PB 0x0000000084300000| Untracked 
|  42|0x0000000084400000, 0x0000000084400000, 0x0000000084500000|  0%| F|  |TAMS 0x0000000084400000| PB 0x0000000084400000| Untracked 
|  43|0x0000000084500000, 0x0000000084500000, 0x0000000084600000|  0%| F|  |TAMS 0x0000000084500000| PB 0x0000000084500000| Untracked 
|  44|0x0000000084600000, 0x0000000084600000, 0x0000000084700000|  0%| F|  |TAMS 0x0000000084600000| PB 0x0000000084600000| Untracked 
|  45|0x0000000084700000, 0x0000000084700000, 0x0000000084800000|  0%| F|  |TAMS 0x0000000084700000| PB 0x0000000084700000| Untracked 
|  46|0x0000000084800000, 0x0000000084800000, 0x0000000084900000|  0%| F|  |TAMS 0x0000000084800000| PB 0x0000000084800000| Untracked 
|  47|0x0000000084900000, 0x0000000084900000, 0x0000000084a00000|  0%| F|  |TAMS 0x0000000084900000| PB 0x0000000084900000| Untracked 
|  48|0x0000000084a00000, 0x0000000084a00000, 0x0000000084b00000|  0%| F|  |TAMS 0x0000000084a00000| PB 0x0000000084a00000| Untracked 
|  49|0x0000000084b00000, 0x0000000084b00000, 0x0000000084c00000|  0%| F|  |TAMS 0x0000000084b00000| PB 0x0000000084b00000| Untracked 
|  50|0x0000000084c00000, 0x0000000084c00000, 0x0000000084d00000|  0%| F|  |TAMS 0x0000000084c00000| PB 0x0000000084c00000| Untracked 
|  51|0x0000000084d00000, 0x0000000084df1098, 0x0000000084e00000| 94%| S|CS|TAMS 0x0000000084d00000| PB 0x0000000084d00000| Complete 
|  52|0x0000000084e00000, 0x0000000084f00000, 0x0000000084f00000|100%| S|CS|TAMS 0x0000000084e00000| PB 0x0000000084e00000| Complete 
|  53|0x0000000084f00000, 0x0000000085000000, 0x0000000085000000|100%| S|CS|TAMS 0x0000000084f00000| PB 0x0000000084f00000| Complete 
|  54|0x0000000085000000, 0x0000000085000000, 0x0000000085100000|  0%| F|  |TAMS 0x0000000085000000| PB 0x0000000085000000| Untracked 
|  55|0x0000000085100000, 0x0000000085100000, 0x0000000085200000|  0%| F|  |TAMS 0x0000000085100000| PB 0x0000000085100000| Untracked 
|  56|0x0000000085200000, 0x0000000085200000, 0x0000000085300000|  0%| F|  |TAMS 0x0000000085200000| PB 0x0000000085200000| Untracked 
|  57|0x0000000085300000, 0x0000000085300000, 0x0000000085400000|  0%| F|  |TAMS 0x0000000085300000| PB 0x0000000085300000| Untracked 
|  58|0x0000000085400000, 0x0000000085400000, 0x0000000085500000|  0%| F|  |TAMS 0x0000000085400000| PB 0x0000000085400000| Untracked 
|  59|0x0000000085500000, 0x0000000085500000, 0x0000000085600000|  0%| F|  |TAMS 0x0000000085500000| PB 0x0000000085500000| Untracked 
|  60|0x0000000085600000, 0x0000000085600000, 0x0000000085700000|  0%| F|  |TAMS 0x0000000085600000| PB 0x0000000085600000| Untracked 
|  61|0x0000000085700000, 0x0000000085736c18, 0x0000000085800000| 21%| E|  |TAMS 0x0000000085700000| PB 0x0000000085700000| Complete 
|  62|0x0000000085800000, 0x0000000085900000, 0x0000000085900000|100%| E|CS|TAMS 0x0000000085800000| PB 0x0000000085800000| Complete 
|  63|0x0000000085900000, 0x0000000085a00000, 0x0000000085a00000|100%| E|CS|TAMS 0x0000000085900000| PB 0x0000000085900000| Complete 
|  64|0x0000000085a00000, 0x0000000085b00000, 0x0000000085b00000|100%| E|CS|TAMS 0x0000000085a00000| PB 0x0000000085a00000| Complete 
|  65|0x0000000085b00000, 0x0000000085c00000, 0x0000000085c00000|100%| E|CS|TAMS 0x0000000085b00000| PB 0x0000000085b00000| Complete 
|  72|0x0000000086200000, 0x0000000086300000, 0x0000000086300000|100%| E|CS|TAMS 0x0000000086200000| PB 0x0000000086200000| Complete 
|  73|0x0000000086300000, 0x0000000086400000, 0x0000000086400000|100%| E|CS|TAMS 0x0000000086300000| PB 0x0000000086300000| Complete 
|  74|0x0000000086400000, 0x0000000086500000, 0x0000000086500000|100%| E|CS|TAMS 0x0000000086400000| PB 0x0000000086400000| Complete 
|  75|0x0000000086500000, 0x0000000086600000, 0x0000000086600000|100%| E|CS|TAMS 0x0000000086500000| PB 0x0000000086500000| Complete 
|  76|0x0000000086600000, 0x0000000086700000, 0x0000000086700000|100%| E|CS|TAMS 0x0000000086600000| PB 0x0000000086600000| Complete 
|  77|0x0000000086700000, 0x0000000086800000, 0x0000000086800000|100%| E|CS|TAMS 0x0000000086700000| PB 0x0000000086700000| Complete 
| 126|0x0000000089800000, 0x0000000089900000, 0x0000000089900000|100%| E|  |TAMS 0x0000000089800000| PB 0x0000000089800000| Complete 
| 127|0x0000000089900000, 0x0000000089a00000, 0x0000000089a00000|100%| E|CS|TAMS 0x0000000089900000| PB 0x0000000089900000| Complete 

Card table byte_map: [0x000001f7f7ce0000,0x000001f7f80e0000] _byte_map_base: 0x000001f7f78d3000

Marking Bits: (CMBitMap*) 0x000001f7ec39c7b0
 Bits: [0x000001f7f80e0000, 0x000001f7fa078000)

Polling page: 0x000001f7ea2a0000

Metaspace:

Usage:
  Non-class:     79.53 MB used.
      Class:     13.36 MB used.
       Both:     92.89 MB used.

Virtual space:
  Non-class space:      128.00 MB reserved,      79.94 MB ( 62%) committed,  2 nodes.
      Class space:        1.00 GB reserved,      13.69 MB (  1%) committed,  1 nodes.
             Both:        1.12 GB reserved,      93.62 MB (  8%) committed. 

Chunk freelists:
   Non-Class:  15.66 MB
       Class:  2.34 MB
        Both:  18.00 MB

MaxMetaspaceSize: unlimited
CompressedClassSpaceSize: 1.00 GB
Initial GC threshold: 21.00 MB
Current GC threshold: 147.31 MB
CDS: on
 - commit_granule_bytes: 65536.
 - commit_granule_words: 8192.
 - virtual_space_node_default_size: 8388608.
 - enlarge_chunks_in_place: 1.
 - use_allocation_guard: 0.


Internal statistics:

num_allocs_failed_limit: 6.
num_arena_births: 1440.
num_arena_deaths: 374.
num_vsnodes_births: 3.
num_vsnodes_deaths: 0.
num_space_committed: 1498.
num_space_uncommitted: 0.
num_chunks_returned_to_freelist: 427.
num_chunks_taken_from_freelist: 5045.
num_chunk_merges: 99.
num_chunk_splits: 3472.
num_chunks_enlarged: 2740.
num_inconsistent_stats: 0.

CodeCache: size=49152Kb used=13001Kb max_used=14562Kb free=36150Kb
 bounds [0x000001f7f47d0000, 0x000001f7f56a0000, 0x000001f7f77d0000]
 total_blobs=7694 nmethods=6911 adapters=706
 compilation: enabled
              stopped_count=0, restarted_count=0
 full_count=0

Compilation events (20 events):
Event: 145.151 Thread 0x000001f7fcaf2400 8090       1       java.util.concurrent.locks.AbstractQueuedSynchronizer::acquire (20 bytes)
Event: 145.151 Thread 0x000001f7fcaf2400 nmethod 8090 0x000001f7f515eb90 code [0x000001f7f515ed40, 0x000001f7f515eeb0]
Event: 145.675 Thread 0x000001f7fcaf2400 8093       1       sun.invoke.util.Wrapper::findWrapperType (102 bytes)
Event: 145.676 Thread 0x000001f7fcaf2400 nmethod 8093 0x000001f7f50b8790 code [0x000001f7f50b89a0, 0x000001f7f50b8d10]
Event: 145.681 Thread 0x000001f7fcaf2400 8096       1       java.lang.invoke.LambdaFormEditor::getInCache (165 bytes)
Event: 145.682 Thread 0x000001f7fcaf2400 nmethod 8096 0x000001f7f4fe3f10 code [0x000001f7f4fe4120, 0x000001f7f4fe4660]
Event: 155.810 Thread 0x000001f7fcaf2400 8098       1       java.util.concurrent.locks.AbstractQueuedSynchronizer::apparentlyFirstQueuedIsExclusive (38 bytes)
Event: 155.811 Thread 0x000001f7fcaf2400 nmethod 8098 0x000001f7f51b3910 code [0x000001f7f51b3ac0, 0x000001f7f51b3c58]
Event: 155.811 Thread 0x000001f7fcaf2400 8099       1       java.util.concurrent.locks.ReentrantReadWriteLock$ReadLock::unlock (10 bytes)
Event: 155.812 Thread 0x000001f7fcaf2400 nmethod 8099 0x000001f7f51d1f90 code [0x000001f7f51d2140, 0x000001f7f51d22a8]
Event: 155.812 Thread 0x000001f7fcaf2400 8100       1       java.util.concurrent.locks.ReentrantReadWriteLock$Sync::tryReleaseShared (146 bytes)
Event: 155.812 Thread 0x000001f7fcaf2400 nmethod 8100 0x000001f7f4fede90 code [0x000001f7f4fee080, 0x000001f7f4fee508]
Event: 169.378 Thread 0x000001f7fcaf2400 8101       1       org.apache.catalina.LifecycleState::isAvailable (5 bytes)
Event: 169.378 Thread 0x000001f7fcaf2400 nmethod 8101 0x000001f7f5201590 code [0x000001f7f5201720, 0x000001f7f52017f0]
Event: 204.442 Thread 0x000001f7fcaf2400 8102       1       java.lang.Long::compare (22 bytes)
Event: 204.443 Thread 0x000001f7fcaf2400 nmethod 8102 0x000001f7f532a590 code [0x000001f7f532a740, 0x000001f7f532a870]
Event: 204.443 Thread 0x000001f7fcaf2400 8103       1       org.apache.catalina.webresources.CachedResource::getNextCheck (5 bytes)
Event: 204.443 Thread 0x000001f7fcaf2400 nmethod 8103 0x000001f7f5201290 code [0x000001f7f5201420, 0x000001f7f52014f0]
Event: 204.445 Thread 0x000001f7fcaf2400 8104       1       java.util.concurrent.locks.AbstractQueuedSynchronizer$ConditionObject::awaitNanos (207 bytes)
Event: 204.447 Thread 0x000001f7fcaf2400 nmethod 8104 0x000001f7f4f8b110 code [0x000001f7f4f8b380, 0x000001f7f4f8bb18]

GC Heap History (20 events):
Event: 10.481 GC heap before
{Heap before GC invocations=12 (full 0):
 garbage-first heap   total 73728K, used 62369K [0x0000000081a00000, 0x0000000100000000)
  region size 1024K, 39 young (39936K), 5 survivors (5120K)
 Metaspace       used 54229K, committed 54912K, reserved 1114112K
  class space    used 7672K, committed 8000K, reserved 1048576K
}
Event: 10.485 GC heap after
{Heap after GC invocations=13 (full 0):
 garbage-first heap   total 73728K, used 29208K [0x0000000081a00000, 0x0000000100000000)
  region size 1024K, 4 young (4096K), 4 survivors (4096K)
 Metaspace       used 54229K, committed 54912K, reserved 1114112K
  class space    used 7672K, committed 8000K, reserved 1048576K
}
Event: 10.870 GC heap before
{Heap before GC invocations=13 (full 0):
 garbage-first heap   total 73728K, used 47640K [0x0000000081a00000, 0x0000000100000000)
  region size 1024K, 24 young (24576K), 4 survivors (4096K)
 Metaspace       used 59314K, committed 59968K, reserved 1114112K
  class space    used 8510K, committed 8832K, reserved 1048576K
}
Event: 10.873 GC heap after
{Heap after GC invocations=14 (full 0):
 garbage-first heap   total 73728K, used 30027K [0x0000000081a00000, 0x0000000100000000)
  region size 1024K, 3 young (3072K), 3 survivors (3072K)
 Metaspace       used 59314K, committed 59968K, reserved 1114112K
  class space    used 8510K, committed 8832K, reserved 1048576K
}
Event: 11.412 GC heap before
{Heap before GC invocations=15 (full 0):
 garbage-first heap   total 73728K, used 64843K [0x0000000081a00000, 0x0000000100000000)
  region size 1024K, 37 young (37888K), 3 survivors (3072K)
 Metaspace       used 63711K, committed 64384K, reserved 1114112K
  class space    used 9230K, committed 9536K, reserved 1048576K
}
Event: 11.415 GC heap after
{Heap after GC invocations=16 (full 0):
 garbage-first heap   total 73728K, used 31126K [0x0000000081a00000, 0x0000000100000000)
  region size 1024K, 4 young (4096K), 4 survivors (4096K)
 Metaspace       used 63711K, committed 64384K, reserved 1114112K
  class space    used 9230K, committed 9536K, reserved 1048576K
}
Event: 12.046 GC heap before
{Heap before GC invocations=16 (full 0):
 garbage-first heap   total 73728K, used 62870K [0x0000000081a00000, 0x0000000100000000)
  region size 1024K, 36 young (36864K), 4 survivors (4096K)
 Metaspace       used 70582K, committed 71296K, reserved 1114112K
  class space    used 10029K, committed 10304K, reserved 1048576K
}
Event: 12.052 GC heap after
{Heap after GC invocations=17 (full 0):
 garbage-first heap   total 73728K, used 33926K [0x0000000081a00000, 0x0000000100000000)
  region size 1024K, 5 young (5120K), 5 survivors (5120K)
 Metaspace       used 70582K, committed 71296K, reserved 1114112K
  class space    used 10029K, committed 10304K, reserved 1048576K
}
Event: 12.461 GC heap before
{Heap before GC invocations=17 (full 0):
 garbage-first heap   total 73728K, used 62598K [0x0000000081a00000, 0x0000000100000000)
  region size 1024K, 33 young (33792K), 5 survivors (5120K)
 Metaspace       used 73043K, committed 73792K, reserved 1114112K
  class space    used 10342K, committed 10688K, reserved 1048576K
}
Event: 12.466 GC heap after
{Heap after GC invocations=18 (full 0):
 garbage-first heap   total 73728K, used 36217K [0x0000000081a00000, 0x0000000100000000)
  region size 1024K, 3 young (3072K), 3 survivors (3072K)
 Metaspace       used 73043K, committed 73792K, reserved 1114112K
  class space    used 10342K, committed 10688K, reserved 1048576K
}
Event: 12.961 GC heap before
{Heap before GC invocations=18 (full 0):
 garbage-first heap   total 73728K, used 64889K [0x0000000081a00000, 0x0000000100000000)
  region size 1024K, 31 young (31744K), 3 survivors (3072K)
 Metaspace       used 76516K, committed 77312K, reserved 1179648K
  class space    used 10855K, committed 11200K, reserved 1048576K
}
Event: 12.965 GC heap after
{Heap after GC invocations=19 (full 0):
 garbage-first heap   total 73728K, used 38507K [0x0000000081a00000, 0x0000000100000000)
  region size 1024K, 3 young (3072K), 3 survivors (3072K)
 Metaspace       used 76516K, committed 77312K, reserved 1179648K
  class space    used 10855K, committed 11200K, reserved 1048576K
}
Event: 13.449 GC heap before
{Heap before GC invocations=20 (full 0):
 garbage-first heap   total 73728K, used 64107K [0x0000000081a00000, 0x0000000100000000)
  region size 1024K, 28 young (28672K), 3 survivors (3072K)
 Metaspace       used 80668K, committed 81472K, reserved 1179648K
  class space    used 11520K, committed 11904K, reserved 1048576K
}
Event: 13.452 GC heap after
{Heap after GC invocations=21 (full 0):
 garbage-first heap   total 73728K, used 39867K [0x0000000081a00000, 0x0000000100000000)
  region size 1024K, 4 young (4096K), 4 survivors (4096K)
 Metaspace       used 80668K, committed 81472K, reserved 1179648K
  class space    used 11520K, committed 11904K, reserved 1048576K
}
Event: 97.341 GC heap before
{Heap before GC invocations=21 (full 0):
 garbage-first heap   total 73728K, used 62395K [0x0000000081a00000, 0x0000000100000000)
  region size 1024K, 27 young (27648K), 4 survivors (4096K)
 Metaspace       used 84244K, committed 85184K, reserved 1179648K
  class space    used 12006K, committed 12416K, reserved 1048576K
}
Event: 97.347 GC heap after
{Heap after GC invocations=22 (full 0):
 garbage-first heap   total 73728K, used 41162K [0x0000000081a00000, 0x0000000100000000)
  region size 1024K, 4 young (4096K), 4 survivors (4096K)
 Metaspace       used 84244K, committed 85184K, reserved 1179648K
  class space    used 12006K, committed 12416K, reserved 1048576K
}
Event: 98.951 GC heap before
{Heap before GC invocations=22 (full 0):
 garbage-first heap   total 73728K, used 61642K [0x0000000081a00000, 0x0000000100000000)
  region size 1024K, 25 young (25600K), 4 survivors (4096K)
 Metaspace       used 89403K, committed 90304K, reserved 1179648K
  class space    used 12670K, committed 13056K, reserved 1048576K
}
Event: 98.957 GC heap after
{Heap after GC invocations=23 (full 0):
 garbage-first heap   total 73728K, used 42781K [0x0000000081a00000, 0x0000000100000000)
  region size 1024K, 4 young (4096K), 4 survivors (4096K)
 Metaspace       used 89403K, committed 90304K, reserved 1179648K
  class space    used 12670K, committed 13056K, reserved 1048576K
}
Event: 99.411 GC heap before
{Heap before GC invocations=24 (full 0):
 garbage-first heap   total 75776K, used 62237K [0x0000000081a00000, 0x0000000100000000)
  region size 1024K, 24 young (24576K), 4 survivors (4096K)
 Metaspace       used 92570K, committed 93312K, reserved 1179648K
  class space    used 13300K, committed 13696K, reserved 1048576K
}
Event: 99.417 GC heap after
{Heap after GC invocations=25 (full 0):
 garbage-first heap   total 75776K, used 43712K [0x0000000081a00000, 0x0000000100000000)
  region size 1024K, 3 young (3072K), 3 survivors (3072K)
 Metaspace       used 92570K, committed 93312K, reserved 1179648K
  class space    used 13300K, committed 13696K, reserved 1048576K
}

Dll operation events (11 events):
Event: 0.019 Loaded shared library C:\jdk-21.0.8_windows-x64_bin\jdk-21.0.8\bin\java.dll
Event: 0.020 Loaded shared library C:\jdk-21.0.8_windows-x64_bin\jdk-21.0.8\bin\zip.dll
Event: 0.908 Loaded shared library C:\jdk-21.0.8_windows-x64_bin\jdk-21.0.8\bin\instrument.dll
Event: 1.090 Loaded shared library C:\jdk-21.0.8_windows-x64_bin\jdk-21.0.8\bin\net.dll
Event: 1.092 Loaded shared library C:\jdk-21.0.8_windows-x64_bin\jdk-21.0.8\bin\nio.dll
Event: 1.098 Loaded shared library C:\jdk-21.0.8_windows-x64_bin\jdk-21.0.8\bin\zip.dll
Event: 1.364 Loaded shared library C:\jdk-21.0.8_windows-x64_bin\jdk-21.0.8\bin\jimage.dll
Event: 1.541 Loaded shared library C:\jdk-21.0.8_windows-x64_bin\jdk-21.0.8\bin\management.dll
Event: 1.562 Loaded shared library C:\jdk-21.0.8_windows-x64_bin\jdk-21.0.8\bin\management_ext.dll
Event: 1.887 Loaded shared library C:\jdk-21.0.8_windows-x64_bin\jdk-21.0.8\bin\extnet.dll
Event: 3.061 Loaded shared library C:\jdk-21.0.8_windows-x64_bin\jdk-21.0.8\bin\sunmscapi.dll

Deoptimization events (20 events):
Event: 99.551 Thread 0x000001f7c5d06750 DEOPT PACKING pc=0x000001f7f4cd5b2c sp=0x00000071c7af8c20
Event: 99.551 Thread 0x000001f7c5d06750 DEOPT UNPACKING pc=0x000001f7f4824e42 sp=0x00000071c7af80c8 mode 1
Event: 99.551 Thread 0x000001f7c5d06750 DEOPT PACKING pc=0x000001f7f4d39694 sp=0x00000071c7af96a0
Event: 99.551 Thread 0x000001f7c5d06750 DEOPT UNPACKING pc=0x000001f7f4824e42 sp=0x00000071c7af8b68 mode 1
Event: 99.551 Thread 0x000001f7c5d06750 DEOPT PACKING pc=0x000001f7f4d3930c sp=0x00000071c7af9730
Event: 99.551 Thread 0x000001f7c5d06750 DEOPT UNPACKING pc=0x000001f7f4824e42 sp=0x00000071c7af8c08 mode 1
Event: 99.552 Thread 0x000001f7c5d06750 DEOPT PACKING pc=0x000001f7f4cd67d9 sp=0x00000071c7af8b90
Event: 99.552 Thread 0x000001f7c5d06750 DEOPT UNPACKING pc=0x000001f7f4824e42 sp=0x00000071c7af7fe8 mode 1
Event: 99.552 Thread 0x000001f7c5d06750 DEOPT PACKING pc=0x000001f7f4cd5b2c sp=0x00000071c7af8c20
Event: 99.552 Thread 0x000001f7c5d06750 DEOPT UNPACKING pc=0x000001f7f4824e42 sp=0x00000071c7af80c8 mode 1
Event: 99.552 Thread 0x000001f7c5d06750 DEOPT PACKING pc=0x000001f7f4d39694 sp=0x00000071c7af96a0
Event: 99.552 Thread 0x000001f7c5d06750 DEOPT UNPACKING pc=0x000001f7f4824e42 sp=0x00000071c7af8b68 mode 1
Event: 99.552 Thread 0x000001f7c5d06750 DEOPT PACKING pc=0x000001f7f4d3930c sp=0x00000071c7af9730
Event: 99.552 Thread 0x000001f7c5d06750 DEOPT UNPACKING pc=0x000001f7f4824e42 sp=0x00000071c7af8c08 mode 1
Event: 102.958 Thread 0x000001f7c5d06750 DEOPT PACKING pc=0x000001f7f50e2db4 sp=0x00000071c7afbac0
Event: 102.958 Thread 0x000001f7c5d06750 DEOPT UNPACKING pc=0x000001f7f4824e42 sp=0x00000071c7afaf90 mode 1
Event: 102.959 Thread 0x000001f7c5d06750 DEOPT PACKING pc=0x000001f7f50def74 sp=0x00000071c7afbc30
Event: 102.959 Thread 0x000001f7c5d06750 DEOPT UNPACKING pc=0x000001f7f4824e42 sp=0x00000071c7afb120 mode 1
Event: 188.601 Thread 0x000001f7c5d06de0 DEOPT PACKING pc=0x000001f7f4aa23b4 sp=0x00000071c7bfbb70
Event: 188.601 Thread 0x000001f7c5d06de0 DEOPT UNPACKING pc=0x000001f7f4824e42 sp=0x00000071c7bfb018 mode 0

Classes loaded (20 events):
Event: 136.969 Loading class org/springframework/data/repository/core/support/RepositoryFragment
Event: 136.969 Loading class org/springframework/data/repository/core/support/RepositoryFragment done
Event: 136.970 Loading class org/springframework/data/repository/core/support/RepositoryMethodInvoker$RepositoryFragmentMethodInvoker$CoroutineAdapterInformation
Event: 136.970 Loading class org/springframework/data/repository/core/support/RepositoryMethodInvoker$RepositoryFragmentMethodInvoker$CoroutineAdapterInformation done
Event: 136.971 Loading class org/springframework/data/repository/core/support/RepositoryMethodInvoker$RepositoryFragmentMethodInvoker$CoroutineAdapterInformation
Event: 136.971 Loading class org/springframework/data/repository/core/support/RepositoryMethodInvoker$RepositoryFragmentMethodInvoker$CoroutineAdapterInformation done
Event: 136.971 Loading class org/springframework/data/repository/core/support/RepositoryMethodInvoker$RepositoryFragmentMethodInvoker$CoroutineAdapterInformation
Event: 136.971 Loading class org/springframework/data/repository/core/support/RepositoryMethodInvoker$RepositoryFragmentMethodInvoker$CoroutineAdapterInformation done
Event: 145.155 Loading class org/stringtecnologia/string_api/model/dto/teste/ClienteDTO
Event: 145.155 Loading class org/stringtecnologia/string_api/model/dto/teste/ClienteDTO done
Event: 145.158 Loading class org/stringtecnologia/string_api/model/dto/teste/ItemDTO
Event: 145.158 Loading class org/stringtecnologia/string_api/model/dto/teste/ItemDTO done
Event: 145.672 Loading class org/stringtecnologia/string_api/model/dto/teste/RelatorioTesteDTO
Event: 145.672 Loading class org/stringtecnologia/string_api/model/dto/teste/RelatorioTesteDTO done
Event: 145.680 Loading class java/math/BigDecimal$StringBuilderHelper
Event: 145.680 Loading class java/math/BigDecimal$StringBuilderHelper done
Event: 145.680 Loading class org/stringtecnologia/string_api/model/dto/teste/ClienteDTO
Event: 145.680 Loading class org/stringtecnologia/string_api/model/dto/teste/ClienteDTO done
Event: 145.683 Loading class org/stringtecnologia/string_api/model/dto/teste/ItemDTO
Event: 145.683 Loading class org/stringtecnologia/string_api/model/dto/teste/ItemDTO done

Classes unloaded (20 events):
Event: 99.000 Thread 0x000001f7fcabc930 Unloading class 0x000001f7810c0400 'java/lang/invoke/LambdaForm$DMH+0x000001f7810c0400'
Event: 99.000 Thread 0x000001f7fcabc930 Unloading class 0x000001f7810c0000 'java/lang/invoke/LambdaForm$DMH+0x000001f7810c0000'
Event: 99.000 Thread 0x000001f7fcabc930 Unloading class 0x000001f781024800 'java/lang/invoke/LambdaForm$MH+0x000001f781024800'
Event: 99.000 Thread 0x000001f7fcabc930 Unloading class 0x000001f781017400 'java/lang/invoke/LambdaForm$MH+0x000001f781017400'
Event: 99.000 Thread 0x000001f7fcabc930 Unloading class 0x000001f781016c00 'java/lang/invoke/LambdaForm$MH+0x000001f781016c00'
Event: 99.000 Thread 0x000001f7fcabc930 Unloading class 0x000001f781016400 'java/lang/invoke/LambdaForm$MH+0x000001f781016400'
Event: 99.000 Thread 0x000001f7fcabc930 Unloading class 0x000001f781015000 'java/lang/invoke/LambdaForm$MH+0x000001f781015000'
Event: 99.000 Thread 0x000001f7fcabc930 Unloading class 0x000001f781014400 'java/lang/invoke/LambdaForm$MH+0x000001f781014400'
Event: 99.000 Thread 0x000001f7fcabc930 Unloading class 0x000001f781014000 'java/lang/invoke/LambdaForm$MH+0x000001f781014000'
Event: 99.000 Thread 0x000001f7fcabc930 Unloading class 0x000001f781013800 'java/lang/invoke/LambdaForm$MH+0x000001f781013800'
Event: 99.000 Thread 0x000001f7fcabc930 Unloading class 0x000001f781013400 'java/lang/invoke/LambdaForm$MH+0x000001f781013400'
Event: 99.000 Thread 0x000001f7fcabc930 Unloading class 0x000001f781013000 'java/lang/invoke/LambdaForm$MH+0x000001f781013000'
Event: 99.000 Thread 0x000001f7fcabc930 Unloading class 0x000001f781012400 'java/lang/invoke/LambdaForm$MH+0x000001f781012400'
Event: 99.000 Thread 0x000001f7fcabc930 Unloading class 0x000001f781011400 'java/lang/invoke/LambdaForm$MH+0x000001f781011400'
Event: 99.000 Thread 0x000001f7fcabc930 Unloading class 0x000001f781010800 'java/lang/invoke/LambdaForm$MH+0x000001f781010800'
Event: 99.000 Thread 0x000001f7fcabc930 Unloading class 0x000001f781010000 'java/lang/invoke/LambdaForm$MH+0x000001f781010000'
Event: 99.000 Thread 0x000001f7fcabc930 Unloading class 0x000001f781002000 'java/lang/invoke/LambdaForm$MH+0x000001f781002000'
Event: 99.000 Thread 0x000001f7fcabc930 Unloading class 0x000001f781001c00 'java/lang/invoke/LambdaForm$MH+0x000001f781001c00'
Event: 99.000 Thread 0x000001f7fcabc930 Unloading class 0x000001f781001800 'java/lang/invoke/LambdaForm$MH+0x000001f781001800'
Event: 99.000 Thread 0x000001f7fcabc930 Unloading class 0x000001f781001000 'java/lang/invoke/LambdaForm$MH+0x000001f781001000'

Classes redefined (0 events):
No events

Internal exceptions (20 events):
Event: 13.671 Thread 0x000001f7ea143220 Exception <a 'java/lang/IncompatibleClassChangeError'{0x00000000855bc1e8}: Found class java.lang.Object, but interface was expected> (0x00000000855bc1e8) 
thrown [s\open\src\hotspot\share\interpreter\linkResolver.cpp, line 840]
Event: 13.737 Thread 0x000001f7ea143220 Exception <a 'java/lang/NoSuchMethodError'{0x000000008517f798}: 'java.lang.Object java.lang.invoke.DirectMethodHandle$Holder.newInvokeSpecial(java.lang.Object, java.lang.Object, int, java.lang.Object, java.lang.Object)'> (0x000000008517f798) 
thrown [s\open\src\hotspot\share\interpreter\linkResolver.cpp, line 773]
Event: 97.145 Thread 0x000001f7ca0f2010 Exception <a 'java/lang/NoSuchMethodError'{0x0000000084ffd618}: 'java.lang.Object java.lang.invoke.DirectMethodHandle$Holder.invokeStatic(java.lang.Object, java.lang.Object, java.lang.Object, int, int)'> (0x0000000084ffd618) 
thrown [s\open\src\hotspot\share\interpreter\linkResolver.cpp, line 773]
Event: 97.146 Thread 0x000001f7ca0f2010 Exception <a 'java/lang/NoSuchMethodError'{0x0000000084e00e00}: 'java.lang.Object java.lang.invoke.DirectMethodHandle$Holder.invokeStaticInit(java.lang.Object, java.lang.Object, java.lang.Object, int, int)'> (0x0000000084e00e00) 
thrown [s\open\src\hotspot\share\interpreter\linkResolver.cpp, line 773]
Event: 97.227 Thread 0x000001f7c5d06750 Exception <a 'java/lang/NoSuchMethodError'{0x0000000084d91db0}: 'java.lang.Object java.lang.invoke.DirectMethodHandle$Holder.invokeSpecial(java.lang.Object, java.lang.Object, java.lang.Object, java.lang.Object, java.lang.Object, long)'> (0x0000000084d91db0) 
thrown [s\open\src\hotspot\share\interpreter\linkResolver.cpp, line 773]
Event: 97.227 Thread 0x000001f7c5d06750 Exception <a 'java/lang/NoSuchMethodError'{0x0000000084d95580}: 'java.lang.Object java.lang.invoke.Invokers$Holder.linkToTargetMethod(java.lang.Object, java.lang.Object, java.lang.Object, long, java.lang.Object)'> (0x0000000084d95580) 
thrown [s\open\src\hotspot\share\interpreter\linkResolver.cpp, line 773]
Event: 98.784 Thread 0x000001f7c5d06750 Exception <a 'java/lang/NoSuchMethodError'{0x00000000852e4a18}: 'double java.lang.invoke.DirectMethodHandle$Holder.invokeStatic(java.lang.Object, double)'> (0x00000000852e4a18) 
thrown [s\open\src\hotspot\share\interpreter\linkResolver.cpp, line 773]
Event: 98.784 Thread 0x000001f7c5d06750 Exception <a 'java/lang/NoSuchMethodError'{0x00000000852ea2f8}: 'double java.lang.invoke.DirectMethodHandle$Holder.invokeStaticInit(java.lang.Object, double)'> (0x00000000852ea2f8) 
thrown [s\open\src\hotspot\share\interpreter\linkResolver.cpp, line 773]
Event: 99.462 Thread 0x000001f7c5d06750 Exception <a 'java/lang/NoSuchMethodError'{0x0000000089809370}: 'java.lang.Object java.lang.invoke.DirectMethodHandle$Holder.invokeStatic(java.lang.Object, java.lang.Object, java.lang.Object, java.lang.Object, java.lang.Object, java.lang.Object, java.lang.Object, java.lang.Object, java.lang.Object, java.lang.Object, int)'> (0x0000000089809370) 
thrown [s\open\src\hotspot\share\interpreter\linkResolver.cpp, line 773]
Event: 99.463 Thread 0x000001f7c5d06750 Exception <a 'java/lang/NoSuchMethodError'{0x00000000898148a8}: 'java.lang.Object java.lang.invoke.DirectMethodHandle$Holder.invokeStatic(java.lang.Object, java.lang.Object, java.lang.Object, java.lang.Object, java.lang.Object, java.lang.Object, java.lang.Object, java.lang.Object, java.lang.Object, java.lang.Object, java.lang.Object, int)'> (0x00000000898148a8) 
thrown [s\open\src\hotspot\share\interpreter\linkResolver.cpp, line 773]
Event: 99.464 Thread 0x000001f7c5d06750 Exception <a 'java/lang/NoSuchMethodError'{0x0000000089823380}: 'java.lang.Object java.lang.invoke.DirectMethodHandle$Holder.invokeStatic(java.lang.Object, java.lang.Object, java.lang.Object, java.lang.Object, java.lang.Object, java.lang.Object, java.lang.Object, java.lang.Object, java.lang.Object, int)'> (0x0000000089823380) 
thrown [s\open\src\hotspot\share\interpreter\linkResolver.cpp, line 773]
Event: 99.505 Thread 0x000001f7c5d06750 Exception <a 'java/lang/NoSuchMethodError'{0x000000008664f9f0}: 'java.lang.Object java.lang.invoke.DirectMethodHandle$Holder.newInvokeSpecial(java.lang.Object, java.lang.Object, int, int)'> (0x000000008664f9f0) 
thrown [s\open\src\hotspot\share\interpreter\linkResolver.cpp, line 773]
Event: 99.505 Thread 0x000001f7c5d06750 Exception <a 'java/lang/NoSuchMethodError'{0x0000000086654170}: 'java.lang.Object java.lang.invoke.DirectMethodHandle$Holder.invokeSpecial(java.lang.Object, java.lang.Object, java.lang.Object, int, int)'> (0x0000000086654170) 
thrown [s\open\src\hotspot\share\interpreter\linkResolver.cpp, line 773]
Event: 99.514 Thread 0x000001f7c5d06750 Exception <a 'java/lang/NoSuchMethodError'{0x00000000866ae0f0}: 'void java.lang.invoke.DirectMethodHandle$Holder.invokeStatic(java.lang.Object, java.lang.Object, int, int, java.lang.Object)'> (0x00000000866ae0f0) 
thrown [s\open\src\hotspot\share\interpreter\linkResolver.cpp, line 773]
Event: 99.520 Thread 0x000001f7c5d06750 Exception <a 'java/lang/NoSuchMethodError'{0x00000000866efe68}: 'void java.lang.invoke.DirectMethodHandle$Holder.invokeSpecialIFC(java.lang.Object, java.lang.Object, int, java.lang.Object, java.lang.Object, java.lang.Object, java.lang.Object)'> (0x00000000866efe68) 
thrown [s\open\src\hotspot\share\interpreter\linkResolver.cpp, line 773]
Event: 101.915 Thread 0x000001f7c5d06750 Exception <a 'java/net/UnknownHostException'{0x0000000086441c10}> (0x0000000086441c10) 
thrown [s\open\src\hotspot\share\prims\jni.cpp, line 520]
Event: 102.983 Thread 0x000001f7c5d06750 Exception <a 'java/lang/NoSuchMethodError'{0x0000000086369fd8}: 'java.lang.Object java.lang.invoke.DirectMethodHandle$Holder.invokeSpecial(java.lang.Object, java.lang.Object, java.lang.Object, java.lang.Object, int, java.lang.Object, java.lang.Object, java.lang.Object)'> (0x0000000086369fd8) 
thrown [s\open\src\hotspot\share\interpreter\linkResolver.cpp, line 773]
Event: 145.674 Thread 0x000001f7c5d06de0 Exception <a 'java/lang/NoSuchMethodError'{0x0000000085845f88}: 'java.lang.Object java.lang.invoke.Invokers$Holder.invoker(java.lang.Object, java.lang.Object, java.lang.Object, java.lang.Object, java.lang.Object, java.lang.Object, java.lang.Object, java.lang.Object, java.lang.Object, java.lang.Object, java.lang.Object, java.lang.Object, java.lang.Object, java.lang.Object, java.lang.Object)'> (0x0000000085845f88) 
thrown [s\open\src\hotspot\share\interpreter\linkResolver.cpp, line 773]
Event: 145.675 Thread 0x000001f7c5d06de0 Exception <a 'java/lang/NoSuchMethodError'{0x0000000085850508}: 'java.lang.Object java.lang.invoke.DelegatingMethodHandle$Holder.delegate(java.lang.Object, java.lang.Object, java.lang.Object, java.lang.Object, java.lang.Object, java.lang.Object, java.lang.Object, java.lang.Object, java.lang.Object, java.lang.Object, java.lang.Object, java.lang.Object, java.lang.Object, java.lang.Object, java.lang.Object)'> (0x0000000085850508) 
thrown [s\open\src\hotspot\share\interpreter\linkResolver.cpp, line 773]
Event: 145.683 Thread 0x000001f7c5d06de0 Exception <a 'java/lang/NoSuchMethodError'{0x00000000858df788}: 'java.lang.Object java.lang.invoke.Invokers$Holder.invoke_MT(java.lang.Object, java.lang.Object, java.lang.Object, java.lang.Object, java.lang.Object, java.lang.Object, java.lang.Object, java.lang.Object, java.lang.Object, java.lang.Object, java.lang.Object)'> (0x00000000858df788) 
thrown [s\open\src\hotspot\share\interpreter\linkResolver.cpp, line 773]

ZGC Phase Switch (0 events):
No events

VM Operations (20 events):
Event: 189.892 Executing VM operation: get/set locals
Event: 189.893 Executing VM operation: get/set locals done
Event: 189.893 Executing VM operation: get/set locals
Event: 189.894 Executing VM operation: get/set locals done
Event: 189.895 Executing VM operation: get/set locals
Event: 189.896 Executing VM operation: get/set locals done
Event: 189.897 Executing VM operation: get/set locals
Event: 189.897 Executing VM operation: get/set locals done
Event: 189.898 Executing VM operation: get/set locals
Event: 189.898 Executing VM operation: get/set locals done
Event: 189.899 Executing VM operation: get/set locals
Event: 189.899 Executing VM operation: get/set locals done
Event: 189.900 Executing VM operation: get/set locals
Event: 189.900 Executing VM operation: get/set locals done
Event: 189.900 Executing VM operation: get/set locals
Event: 189.900 Executing VM operation: get/set locals done
Event: 189.901 Executing VM operation: get/set locals
Event: 189.901 Executing VM operation: get/set locals done
Event: 204.440 Executing VM operation: ChangeSingleStep
Event: 204.440 Executing VM operation: ChangeSingleStep done

Events (20 events):
Event: 99.013 Thread 0x000001f7fcabc930 flushing nmethod 0x000001f7f50ec610
Event: 99.013 Thread 0x000001f7fcabc930 flushing nmethod 0x000001f7f50ecc90
Event: 99.013 Thread 0x000001f7fcabc930 flushing nmethod 0x000001f7f50ecf90
Event: 99.013 Thread 0x000001f7fcabc930 flushing nmethod 0x000001f7f50ed390
Event: 99.013 Thread 0x000001f7fcabc930 flushing nmethod 0x000001f7f50ee390
Event: 99.013 Thread 0x000001f7fcabc930 flushing nmethod 0x000001f7f50f3610
Event: 99.013 Thread 0x000001f7fcabc930 flushing nmethod 0x000001f7f5130510
Event: 99.013 Thread 0x000001f7fcabc930 flushing nmethod 0x000001f7f5133390
Event: 99.013 Thread 0x000001f7fcabc930 flushing nmethod 0x000001f7f514c510
Event: 99.013 Thread 0x000001f7fcabc930 flushing nmethod 0x000001f7f51d5490
Event: 99.013 Thread 0x000001f7fcabc930 flushing nmethod 0x000001f7f51d5790
Event: 99.013 Thread 0x000001f7fcabc930 flushing nmethod 0x000001f7f51d7f10
Event: 99.013 Thread 0x000001f7fcabc930 flushing nmethod 0x000001f7f51d8290
Event: 99.013 Thread 0x000001f7fcabc930 flushing nmethod 0x000001f7f51d8610
Event: 99.195 Thread 0x000001f7ca248e80 Thread added: 0x000001f7ca248e80
Event: 99.195 Thread 0x000001f7ca32a000 Thread added: 0x000001f7ca32a000
Event: 100.757 Thread 0x000001f7ca32a000 Thread exited: 0x000001f7ca32a000
Event: 101.961 Thread 0x000001f7ca248e80 Thread exited: 0x000001f7ca248e80
Event: 102.961 Thread 0x000001f7fd02a250 Thread exited: 0x000001f7fd02a250
Event: 108.682 Thread 0x000001f7ca0f26a0 Thread exited: 0x000001f7ca0f26a0


Dynamic libraries:
0x00007ff799290000 - 0x00007ff7992a0000 	C:\jdk-21.0.8_windows-x64_bin\jdk-21.0.8\bin\java.exe
0x00007ffe58870000 - 0x00007ffe58a68000 	C:\Windows\SYSTEM32\ntdll.dll
0x00007ffe58640000 - 0x00007ffe58702000 	C:\Windows\System32\KERNEL32.DLL
0x00007ffe56210000 - 0x00007ffe56506000 	C:\Windows\System32\KERNELBASE.dll
0x00007ffe55f00000 - 0x00007ffe56000000 	C:\Windows\System32\ucrtbase.dll
0x00007ffe3a900000 - 0x00007ffe3a919000 	C:\jdk-21.0.8_windows-x64_bin\jdk-21.0.8\bin\jli.dll
0x00007ffe3d100000 - 0x00007ffe3d11b000 	C:\jdk-21.0.8_windows-x64_bin\jdk-21.0.8\bin\VCRUNTIME140.dll
0x00007ffe57fd0000 - 0x00007ffe58081000 	C:\Windows\System32\ADVAPI32.dll
0x00007ffe58360000 - 0x00007ffe583fe000 	C:\Windows\System32\msvcrt.dll
0x00007ffe58400000 - 0x00007ffe5849f000 	C:\Windows\System32\sechost.dll
0x00007ffe58520000 - 0x00007ffe58640000 	C:\Windows\System32\RPCRT4.dll
0x00007ffe566d0000 - 0x00007ffe566f7000 	C:\Windows\System32\bcrypt.dll
0x00007ffe57660000 - 0x00007ffe57801000 	C:\Windows\System32\USER32.dll
0x00007ffe56860000 - 0x00007ffe56882000 	C:\Windows\System32\win32u.dll
0x00007ffe47160000 - 0x00007ffe473fb000 	C:\Windows\WinSxS\amd64_microsoft.windows.common-controls_6595b64144ccf1df_6.0.19041.6456_none_60b8a6cb71f64256\COMCTL32.dll
0x00007ffe58100000 - 0x00007ffe5812b000 	C:\Windows\System32\GDI32.dll
0x00007ffe565b0000 - 0x00007ffe566c9000 	C:\Windows\System32\gdi32full.dll
0x00007ffe56510000 - 0x00007ffe565ad000 	C:\Windows\System32\msvcp_win.dll
0x00007ffe51560000 - 0x00007ffe5156a000 	C:\Windows\SYSTEM32\VERSION.dll
0x00007ffe56d90000 - 0x00007ffe56dbf000 	C:\Windows\System32\IMM32.DLL
0x00007ffe46660000 - 0x00007ffe4666c000 	C:\jdk-21.0.8_windows-x64_bin\jdk-21.0.8\bin\vcruntime140_1.dll
0x00007ffe34010000 - 0x00007ffe3409e000 	C:\jdk-21.0.8_windows-x64_bin\jdk-21.0.8\bin\msvcp140.dll
0x00007ffe19e40000 - 0x00007ffe1ab5d000 	C:\jdk-21.0.8_windows-x64_bin\jdk-21.0.8\bin\server\jvm.dll
0x00007ffe58090000 - 0x00007ffe580fb000 	C:\Windows\System32\WS2_32.dll
0x00007ffe55d60000 - 0x00007ffe55dab000 	C:\Windows\SYSTEM32\POWRPROF.dll
0x00007ffe4ed80000 - 0x00007ffe4eda7000 	C:\Windows\SYSTEM32\WINMM.dll
0x00007ffe55d40000 - 0x00007ffe55d52000 	C:\Windows\SYSTEM32\UMPDC.dll
0x00007ffe53d50000 - 0x00007ffe53d62000 	C:\Windows\SYSTEM32\kernel.appcore.dll
0x00007ffe45cd0000 - 0x00007ffe45cda000 	C:\jdk-21.0.8_windows-x64_bin\jdk-21.0.8\bin\jimage.dll
0x00007ffe47440000 - 0x00007ffe47641000 	C:\Windows\SYSTEM32\DBGHELP.DLL
0x00007ffe470e0000 - 0x00007ffe47114000 	C:\Windows\SYSTEM32\dbgcore.DLL
0x00007ffe56000000 - 0x00007ffe56082000 	C:\Windows\System32\bcryptPrimitives.dll
0x00007ffe32880000 - 0x00007ffe328bc000 	C:\jdk-21.0.8_windows-x64_bin\jdk-21.0.8\bin\jdwp.dll
0x00007ffe429e0000 - 0x00007ffe429ef000 	C:\jdk-21.0.8_windows-x64_bin\jdk-21.0.8\bin\instrument.dll
0x00007ffe38030000 - 0x00007ffe3804f000 	C:\jdk-21.0.8_windows-x64_bin\jdk-21.0.8\bin\java.dll
0x00007ffe37ff0000 - 0x00007ffe38008000 	C:\jdk-21.0.8_windows-x64_bin\jdk-21.0.8\bin\zip.dll
0x00007ffe56dc0000 - 0x00007ffe57530000 	C:\Windows\System32\SHELL32.dll
0x00007ffe53f50000 - 0x00007ffe546f5000 	C:\Windows\SYSTEM32\windows.storage.dll
0x00007ffe56890000 - 0x00007ffe56be4000 	C:\Windows\System32\combase.dll
0x00007ffe55770000 - 0x00007ffe5579b000 	C:\Windows\SYSTEM32\Wldp.dll
0x00007ffe57590000 - 0x00007ffe5765d000 	C:\Windows\System32\OLEAUT32.dll
0x00007ffe56c50000 - 0x00007ffe56cfd000 	C:\Windows\System32\SHCORE.dll
0x00007ffe57530000 - 0x00007ffe5758b000 	C:\Windows\System32\shlwapi.dll
0x00007ffe55e30000 - 0x00007ffe55e54000 	C:\Windows\SYSTEM32\profapi.dll
0x00007ffe3c1c0000 - 0x00007ffe3c1cc000 	C:\jdk-21.0.8_windows-x64_bin\jdk-21.0.8\bin\dt_socket.dll
0x00007ffe55250000 - 0x00007ffe5528b000 	C:\Windows\SYSTEM32\IPHLPAPI.DLL
0x00007ffe55550000 - 0x00007ffe555ba000 	C:\Windows\system32\mswsock.dll
0x00007ffe44790000 - 0x00007ffe447a0000 	C:\jdk-21.0.8_windows-x64_bin\jdk-21.0.8\bin\net.dll
0x00007ffe4e420000 - 0x00007ffe4e52a000 	C:\Windows\SYSTEM32\WINHTTP.dll
0x00007ffe38010000 - 0x00007ffe38026000 	C:\jdk-21.0.8_windows-x64_bin\jdk-21.0.8\bin\nio.dll
0x00007ffe55290000 - 0x00007ffe5535a000 	C:\Windows\SYSTEM32\DNSAPI.dll
0x00007ffe57ea0000 - 0x00007ffe57ea8000 	C:\Windows\System32\NSI.dll
0x00007ffe4ebb0000 - 0x00007ffe4ebba000 	C:\Windows\System32\rasadhlp.dll
0x00007ffe4ced0000 - 0x00007ffe4cf50000 	C:\Windows\System32\fwpuclnt.dll
0x00007ffe40ed0000 - 0x00007ffe40eda000 	C:\jdk-21.0.8_windows-x64_bin\jdk-21.0.8\bin\management.dll
0x00007ffe3cfc0000 - 0x00007ffe3cfcb000 	C:\jdk-21.0.8_windows-x64_bin\jdk-21.0.8\bin\management_ext.dll
0x00007ffe57810000 - 0x00007ffe57818000 	C:\Windows\System32\PSAPI.DLL
0x00007ffe557b0000 - 0x00007ffe557c8000 	C:\Windows\SYSTEM32\CRYPTSP.dll
0x00007ffe54e90000 - 0x00007ffe54ec8000 	C:\Windows\system32\rsaenh.dll
0x00007ffe55db0000 - 0x00007ffe55dde000 	C:\Windows\SYSTEM32\USERENV.dll
0x00007ffe556e0000 - 0x00007ffe556ec000 	C:\Windows\SYSTEM32\CRYPTBASE.dll
0x00007ffe3a8d0000 - 0x00007ffe3a8e7000 	C:\Windows\system32\napinsp.dll
0x00007ffe373e0000 - 0x00007ffe373fb000 	C:\Windows\system32\pnrpnsp.dll
0x00007ffe525e0000 - 0x00007ffe525fd000 	C:\Windows\system32\wshbth.dll
0x00007ffe51920000 - 0x00007ffe5193d000 	C:\Windows\system32\NLAapi.dll
0x00007ffe373c0000 - 0x00007ffe373d2000 	C:\Windows\System32\winrnr.dll
0x00007ffe3c8e0000 - 0x00007ffe3c8e9000 	C:\jdk-21.0.8_windows-x64_bin\jdk-21.0.8\bin\extnet.dll
0x00007ffe3cf50000 - 0x00007ffe3cf5e000 	C:\jdk-21.0.8_windows-x64_bin\jdk-21.0.8\bin\sunmscapi.dll
0x00007ffe56700000 - 0x00007ffe5685d000 	C:\Windows\System32\CRYPT32.dll
0x00007ffe558c0000 - 0x00007ffe558e7000 	C:\Windows\SYSTEM32\ncrypt.dll
0x00007ffe55880000 - 0x00007ffe558bb000 	C:\Windows\SYSTEM32\NTASN1.dll
0x00007ffe49770000 - 0x00007ffe49777000 	C:\Windows\system32\wshunix.dll

dbghelp: loaded successfully - version: 4.0.5 - missing functions: none
symbol engine: initialized successfully - sym options: 0x614 - pdb path: .;C:\jdk-21.0.8_windows-x64_bin\jdk-21.0.8\bin;C:\Windows\SYSTEM32;C:\Windows\WinSxS\amd64_microsoft.windows.common-controls_6595b64144ccf1df_6.0.19041.6456_none_60b8a6cb71f64256;C:\jdk-21.0.8_windows-x64_bin\jdk-21.0.8\bin\server

VM Arguments:
jvm_args: -agentlib:jdwp=transport=dt_socket,address=127.0.0.1:62491,suspend=y,server=n -XX:TieredStopAtLevel=1 -Dspring.profiles.active=dev -Dspring.output.ansi.enabled=always -Dcom.sun.management.jmxremote -Dspring.jmx.enabled=true -Dspring.liveBeansView.mbeanDomain -Dspring.application.admin.enabled=true -Dmanagement.endpoints.jmx.exposure.include=* -javaagent:C:\Users\User\Downloads\ideaIU-2024.2.6.win\plugins\java\lib\rt\debugger-agent.jar -Dkotlinx.coroutines.debug.enable.creation.stack.trace=false -Ddebugger.agent.enable.coroutines=true -Dfile.encoding=UTF-8 -Dsun.stdout.encoding=UTF-8 -Dsun.stderr.encoding=UTF-8 
java_command: org.stringtecnologia.string_api.StringApiApplication
java_class_path (initial): C:\Users\User\Documents\string-api\target\classes;C:\Users\User\.m2\repository\org\springframework\boot\spring-boot-starter-security\4.0.1\spring-boot-starter-security-4.0.1.jar;C:\Users\User\.m2\repository\org\springframework\boot\spring-boot-starter\4.0.1\spring-boot-starter-4.0.1.jar;C:\Users\User\.m2\repository\org\springframework\boot\spring-boot-starter-logging\4.0.1\spring-boot-starter-logging-4.0.1.jar;C:\Users\User\.m2\repository\ch\qos\logback\logback-classic\1.5.22\logback-classic-1.5.22.jar;C:\Users\User\.m2\repository\ch\qos\logback\logback-core\1.5.22\logback-core-1.5.22.jar;C:\Users\User\.m2\repository\org\apache\logging\log4j\log4j-to-slf4j\2.25.3\log4j-to-slf4j-2.25.3.jar;C:\Users\User\.m2\repository\org\apache\logging\log4j\log4j-api\2.25.3\log4j-api-2.25.3.jar;C:\Users\User\.m2\repository\org\slf4j\jul-to-slf4j\2.0.17\jul-to-slf4j-2.0.17.jar;C:\Users\User\.m2\repository\org\springframework\boot\spring-boot-autoconfigure\4.0.1\spring-boot-autoconfigure-4.0.1.jar;C:\Users\User\.m2\repository\jakarta\annotation\jakarta.annotation-api\3.0.0\jakarta.annotation-api-3.0.0.jar;C:\Users\User\.m2\repository\org\yaml\snakeyaml\2.5\snakeyaml-2.5.jar;C:\Users\User\.m2\repository\org\springframework\boot\spring-boot-security\4.0.1\spring-boot-security-4.0.1.jar;C:\Users\User\.m2\repository\org\springframework\boot\spring-boot\4.0.1\spring-boot-4.0.1.jar;C:\Users\User\.m2\repository\org\springframework\spring-context\7.0.2\spring-context-7.0.2.jar;C:\Users\User\.m2\repository\org\springframework\security\spring-security-config\7.0.2\spring-security-config-7.0.2.jar;C:\Users\User\.m2\repository\org\springframework\security\spring-security-core\7.0.2\spring-security-core-7.0.2.jar;C:\Users\User\.m2\repository\org\springframework\security\spring-security-crypto\7.0.2\spring-security-crypto-7.0.2.jar;C:\Users\User\.m2\repository\org\springframework\security\spring-security-web\7.0.2\spring-security-web-7.0.2.jar;C:\Users\User\.m2\repository\org\springframework\spring-expression\7.0.2\spring-expression-7.0.2.jar;C:\Users\User\.m2\repository\org\springframework\spring-aop\7.0.2\spring-aop-7.0.2.jar;C:\Users\User\.m2\repository\org\springframework\spring-beans\7.0.2\spring-beans-7.0.2.jar;C:\Users\User\.m2\repository\org\springframework\spring-core\7.0.2\spring-core-7.0.2.jar;C:\Users\User\.m2\repository\org\jspecify\jspecify\1.0.0\jspecify-1.0.0.jar;C:\Users\User\.m2\repository\org\springframework\boot\spring-boot-starter-security-oauth2-resource-server\4.0.1\spring-boot-starter-security-oauth2-resource-server-4.0.1.jar;C:\Users\User\.m2\repository\org\springframework\boot\spring-boot-security-oauth2-resource-server\4.0.1\spring-boot-security-oauth2-resource-server-4.0.1.jar;C:\Users\User\.m2\repository\org\springframework\security\spring-security-oauth2-jose\7.0.2\spring-security-oauth2-jose-7.0.2.jar;C:\Users\User\.m2\repository\org\springframework\security\spring-security-oauth2-core\7.0.2\spring-security-oauth2-core-7.0.2.jar;C:\Users\User\.m2\repository\com\nimbusds\nimbus-jose-jwt\10.4\nimbus-jose-jwt-10.4.jar;C:\Users\User\.m2\repository\org\springframework\security\spring-security-oauth2-resource-server\7.0.2\spring-security-oauth2-resource-server-7.0.2.jar;C:\Users\User\.m2\repository\org\springframework\boot\spring-boot-starter-webmvc\4.0.1\spring-boot-starter-webmvc-4.0.1.jar;C:\Users\User\.m2\repository\org\springframework\boot\spring-boot-starter-jackson\4.0.1\spring-boot-starter-jackson-4.0.1.jar;C:\Users\User\.m2\repository\org\springframework\boot\spring-boot-jackson\4.0.1\spring-boot-jackson-4.0.1.jar;C:\Users\User\.m2\repository\tools\jackson\core\jackson-databind\3.0.3\jackson-databind-3.0.3.jar;C:\Users\User\.m2\repository\com\fasterxml\jackson\core\jackson-annotations\2.20\jackson-annotations-2.20.jar;C:\Users\User\.m2\repository\tools\jackson\core\jackson-core\3.0.3\jackson-core-3.0.3.jar;C:\Users\User\.m2\repository\org\springframework\boot\spring-boot-starter-tomcat\4.0.1\spring-boot-starter-tomcat-4.0.1.jar;C:\Users\User\.m2\repository\org\springframework\boot\spring-boot-starter-tomcat-runtime\4.0.1\spring-boot-starter-tomcat-runtime-4.0.1.jar;C:\Users\User\.m2\repository\org\apache\tomcat\embed\tomcat-embed-core\11.0.15\tomcat-embed-core-11.0.15.jar;C:\Users\User\.m2\repository\org\apache\tomcat\embed\tomcat-embed-websocket\11.0.15\tomcat-embed-websocket-11.0.15.jar;C:\Users\User\.m2\repository\org\springframework\boot\spring-boot-tomcat\4.0.1\spring-boot-tomcat-4.0.1.jar;C:\Users\User\.m2\repository\org\springframework\boot\spring-boot-http-converter\4.0.1\spring-boot-http-converter-4.0.1.jar;C:\Users\User\.m2\repository\org\springframework\spring-web\7.0.2\spring-web-7.0.2.jar;C:\Users\User\.m2\repository\io\micrometer\micrometer-observation\1.16.1\micrometer-observation-1.16.1.jar;C:\Users\User\.m2\repository\io\micrometer\micrometer-commons\1.16.1\micrometer-commons-1.16.1.jar;C:\Users\User\.m2\repository\org\springframework\boot\spring-boot-webmvc\4.0.1\spring-boot-webmvc-4.0.1.jar;C:\Users\User\.m2\repository\org\springframework\boot\spring-boot-servlet\4.0.1\spring-boot-servlet-4.0.1.jar;C:\Users\User\.m2\repository\org\springframework\spring-webmvc\7.0.2\spring-webmvc-7.0.2.jar;C:\Users\User\.m2\repository\org\slf4j\slf4j-api\2.0.17\slf4j-api-2.0.17.jar;C:\Users\User\.m2\repository\jakarta\xml\bind\jakarta.xml.bind-api\4.0.4\jakarta.xml.bind-api-4.0.4.jar;C:\Users\User\.m2\repository\jakarta\activation\jakarta.activation-api\2.1.4\jakarta.activation-api-2.1.4.jar;C:\Users\User\.m2\repository\net\bytebuddy\byte-buddy\1.17.8\byte-buddy-1.17.8.jar;C:\Users\User\.m2\repository\org\springframework\boot\spring-boot-web-server\4.0.1\spring-boot-web-server-4.0.1.jar;C:\Users\User\.m2\repository\com\google\zxing\core\3.5.1\core-3.5.1.jar;C:\Users\User\.m2\repository\com\google\zxing\javase\3.5.1\javase-3.5.1.jar;C:\Users\User\.m2\repository\com\beust\jcommander\1.82\jcommander-1.82.jar;C:\Users\User\.m2\repository\com\github\jai-imageio\jai-imageio-core\1.4.0\jai-imageio-core-1.4.0.jar;C:\Users\User\.m2\repository\org\springframework\boot\spring-boot-starter-thymeleaf\4.0.1\spring-boot-starter-thymeleaf-4.0.1.jar;C:\Users\User\.m2\repository\org\springframework\boot\spring-boot-thymeleaf\4.0.1\spring-boot-thymeleaf-4.0.1.jar;C:\Users\User\.m2\repository\org\thymeleaf\thymeleaf-spring6\3.1.3.RELEASE\thymeleaf-spring6-3.1.3.RELEASE.jar;C:\Users\User\.m2\repository\org\thymeleaf\thymeleaf\3.1.3.RELEASE\thymeleaf-3.1.3.RELEASE.jar;C:\Users\User\.m2\repository\org\attoparser\attoparser\2.0.7.RELEASE\attoparser-2.0.7.RELEASE.jar;C:\Users\User\.m2\repository\org\unbescape\unbescape\1.1.6.RELEASE\unbescape-1.1.6.RELEASE.jar;C:\Users\User\.m2\repository\ognl\ognl\3.3.4\ognl-3.3.4.jar;C:\Users\User\.m2\repository\org\javassist\javassist\3.29.0-GA\javassist-3.29.0-GA.jar;C:\Users\User\.m2\repository\com\openhtmltopdf\openhtmltopdf-pdfbox\1.0.10\openhtmltopdf-pdfbox-1.0.10.jar;C:\Users\User\.m2\repository\org\apache\pdfbox\pdfbox\2.0.24\pdfbox-2.0.24.jar;C:\Users\User\.m2\repository\org\apache\pdfbox\fontbox\2.0.24\fontbox-2.0.24.jar;C:\Users\User\.m2\repository\commons-logging\commons-logging\1.3.5\commons-logging-1.3.5.jar;C:\Users\User\.m2\repository\org\apache\pdfbox\xmpbox\2.0.24\xmpbox-2.0.24.jar;C:\Users\User\.m2\repository\com\openhtmltopdf\openhtmltopdf-core\1.0.10\openhtmltopdf-core-1.0.10.jar;C:\Users\User\.m2\repository\de\rototor\pdfbox\graphics2d\0.32\graphics2d-0.32.jar;C:\Users\User\.m2\repository\org\springframework\boot\spring-boot-starter-data-jpa\4.0.1\spring-boot-starter-data-jpa-4.0.1.jar;C:\Users\User\.m2\repository\org\springframework\boot\spring-boot-starter-jdbc\4.0.1\spring-boot-starter-jdbc-4.0.1.jar;C:\Users\User\.m2\repository\com\zaxxer\HikariCP\7.0.2\HikariCP-7.0.2.jar;C:\Users\User\.m2\repository\org\springframework\boot\spring-boot-data-jpa\4.0.1\spring-boot-data-jpa-4.0.1.jar;C:\Users\User\.m2\repository\org\springframework\boot\spring-boot-data-commons\4.0.1\spring-boot-data-commons-4.0.1.jar;C:\Users\User\.m2\repository\org\springframework\boot\spring-boot-persistence\4.0.1\spring-boot-persistence-4.0.1.jar;C:\Users\User\.m2\repository\org\springframework\data\spring-data-commons\4.0.1\spring-data-commons-4.0.1.jar;C:\Users\User\.m2\repository\org\springframework\boot\spring-boot-hibernate\4.0.1\spring-boot-hibernate-4.0.1.jar;C:\Users\User\.m2\repository\org\springframework\boot\spring-boot-jpa\4.0.1\spring-boot-jpa-4.0.1.jar;C:\Users\User\.m2\repository\jakarta\persistence\jakarta.persistence-api\3.2.0\jakarta.persistence-api-3.2.0.jar;C:\Users\User\.m2\repository\org\hibernate\orm\hibernate-core\7.2.0.Final\hibernate-core-7.2.0.Final.jar;C:\Users\User\.m2\repository\jakarta\transaction\jakarta.transaction-api\2.0.1\jakarta.transaction-api-2.0.1.jar;C:\Users\User\.m2\repository\org\hibernate\models\hibernate-models\1.0.1\hibernate-models-1.0.1.jar;C:\Users\User\.m2\repository\org\glassfish\jaxb\jaxb-runtime\4.0.6\jaxb-runtime-4.0.6.jar;C:\Users\User\.m2\repository\org\glassfish\jaxb\jaxb-core\4.0.6\jaxb-core-4.0.6.jar;C:\Users\User\.m2\repository\org\eclipse\angus\angus-activation\2.0.3\angus-activation-2.0.3.jar;C:\Users\User\.m2\repository\org\glassfish\jaxb\txw2\4.0.6\txw2-4.0.6.jar;C:\Users\User\.m2\repository\com\sun\istack\istack-commons-runtime\4.1.2\istack-commons-runtime-4.1.2.jar;C:\Users\User\.m2\repository\jakarta\inject\jakarta.inject-api\2.0.1\jakarta.inject-api-2.0.1.jar;C:\Users\User\.m2\repository\org\springframework\spring-orm\7.0.2\spring-orm-7.0.2.jar;C:\Users\User\.m2\repository\org\springframework\data\spring-data-jpa\4.0.1\spring-data-jpa-4.0.1.jar;C:\Users\User\.m2\repository\org\springframework\spring-tx\7.0.2\spring-tx-7.0.2.jar;C:\Users\User\.m2\repository\org\antlr\antlr4-runtime\4.13.2\antlr4-runtime-4.13.2.jar;C:\Users\User\.m2\repository\org\springframework\spring-aspects\7.0.2\spring-aspects-7.0.2.jar;C:\Users\User\.m2\repository\org\aspectj\aspectjweaver\1.9.25.1\aspectjweaver-1.9.25.1.jar;C:\Users\User\.m2\repository\org\springframework\boot\spring-boot-jdbc\4.0.1\spring-boot-jdbc-4.0.1.jar;C:\Users\User\.m2\repository\org\springframework\boot\spring-boot-sql\4.0.1\spring-boot-sql-4.0.1.jar;C:\Users\User\.m2\repository\org\springframework\boot\spring-boot-transaction\4.0.1\spring-boot-transaction-4.0.1.jar;C:\Users\User\.m2\repository\org\springframework\spring-jdbc\7.0.2\spring-jdbc-7.0.2.jar;C:\Users\User\.m2\repository\org\postgresql\postgresql\42.7.8\postgresql-42.7.8.jar;C:\Users\User\.m2\repository\org\checkerframework\checker-qual\3.49.5\checker-qual-3.49.5.jar;C:\Users\User\.m2\repository\org\projectlombok\lombok\1.18.30\lombok-1.18.30.jar;C:\Users\User\.m2\repository\org\jsoup\jsoup\1.17.2\jsoup-1.17.2.jar;C:\Users\User\.m2\repository\org\springframework\boot\spring-boot-starter-graphql\4.0.1\spring-boot-starter-graphql-4.0.1.jar;C:\Users\User\.m2\repository\org\springframework\boot\spring-boot-graphql\4.0.1\spring-boot-graphql-4.0.1.jar;C:\Users\User\.m2\repository\org\springframework\graphql\spring-graphql\2.0.1\spring-graphql-2.0.1.jar;C:\Users\User\.m2\repository\com\graphql-java\graphql-java\25.0\graphql-java-25.0.jar;C:\Users\User\.m2\repository\com\graphql-java\java-dataloader\6.0.0\java-dataloader-6.0.0.jar;C:\Users\User\.m2\repository\org\reactivestreams\reactive-streams\1.0.4\reactive-streams-1.0.4.jar;C:\Users\User\.m2\repository\io\projectreactor\reactor-core\3.8.1\reactor-core-3.8.1.jar;C:\Users\User\.m2\repository\io\micrometer\context-propagation\1.2.0\context-propagation-1.2.0.jar;C:\Users\User\.m2\repository\com\microsoft\playwright\playwright\1.53.0\playwright-1.53.0.jar;C:\Users\User\.m2\repository\com\google\code\gson\gson\2.13.2\gson-2.13.2.jar;C:\Users\User\.m2\repository\com\google\errorprone\error_prone_annotations\2.41.0\error_prone_annotations-2.41.0.jar;C:\Users\User\.m2\repository\org\opentest4j\opentest4j\1.3.0\opentest4j-1.3.0.jar;C:\Users\User\.m2\repository\com\microsoft\playwright\driver\1.53.0\driver-1.53.0.jar;C:\Users\User\.m2\repository\com\microsoft\playwright\driver-bundle\1.53.0\driver-bundle-1.53.0.jar;C:\Users\User\.m2\repository\org\springframework\boot\spring-boot-starter-validation\4.0.1\spring-boot-starter-validation-4.0.1.jar;C:\Users\User\.m2\repository\org\springframework\boot\spring-boot-validation\4.0.1\spring-boot-validation-4.0.1.jar;C:\Users\User\.m2\repository\org\apache\tomcat\embed\tomcat-embed-el\11.0.15\tomcat-embed-el-11.0.15.jar;C:\Users\User\.m2\repository\org\hibernate\validator\hibernate-validator\9.0.1.Final\hibernate-validator-9.0.1.Final.jar;C:\Users\User\.m2\repository\jakarta\validation\jakarta.validation-api\3.1.1\jakarta.validation-api-3.1.1.jar;C:\Users\User\.m2\repository\org\jboss\logging\jboss-logging\3.6.1.Final\jboss-logging-3.6.1.Final.jar;C:\Users\User\.m2\repository\com\fasterxml\classmate\1.7.1\classmate-1.7.1.jar;C:\Users\User\Downloads\ideaIU-2024.2.6.win\lib\idea_rt.jar
Launcher Type: SUN_STANDARD

[Global flags]
     intx CICompilerCount                          = 4                                         {product} {ergonomic}
     uint ConcGCThreads                            = 2                                         {product} {ergonomic}
     uint G1ConcRefinementThreads                  = 8                                         {product} {ergonomic}
   size_t G1HeapRegionSize                         = 1048576                                   {product} {ergonomic}
    uintx GCDrainStackTargetSize                   = 64                                        {product} {ergonomic}
   size_t InitialHeapSize                          = 134217728                                 {product} {ergonomic}
     bool ManagementServer                         = true                                      {product} {command line}
   size_t MarkStackSize                            = 4194304                                   {product} {ergonomic}
   size_t MaxHeapSize                              = 2120220672                                {product} {ergonomic}
   size_t MaxNewSize                               = 1271922688                                {product} {ergonomic}
   size_t MinHeapDeltaBytes                        = 1048576                                   {product} {ergonomic}
   size_t MinHeapSize                              = 8388608                                   {product} {ergonomic}
    uintx NonNMethodCodeHeapSize                   = 4096                                   {pd product} {ergonomic}
    uintx NonProfiledCodeHeapSize                  = 0                                      {pd product} {ergonomic}
     bool ProfileInterpreter                       = false                                  {pd product} {command line}
    uintx ProfiledCodeHeapSize                     = 0                                      {pd product} {ergonomic}
   size_t SoftMaxHeapSize                          = 2120220672                             {manageable} {ergonomic}
     intx TieredStopAtLevel                        = 1                                         {product} {command line}
     bool UseCompressedOops                        = true                           {product lp64_product} {ergonomic}
     bool UseG1GC                                  = true                                      {product} {ergonomic}
     bool UseLargePagesIndividualAllocation        = false                                  {pd product} {ergonomic}

Logging:
Log output configuration:
 #0: stdout all=warning uptime,level,tags foldmultilines=false
 #1: stderr all=off uptime,level,tags foldmultilines=false

Environment Variables:
JAVA_HOME=C:\jdk-21.0.8_windows-x64_bin\jdk-21.0.8
PATH=C:\Windows\system32;C:\Windows;C:\Windows\System32\Wbem;C:\Windows\System32\WindowsPowerShell\v1.0\;C:\Windows\System32\OpenSSH\;C:\Program Files\Git\cmd;C:\Program Files\dotnet\;%JAVA_HOME%\bin;%MAVEN_HOME%\bin;%NODE_HOME%;C:\Program Files\WireGuard\;C:\Program Files\Tailscale\;C:\Program Files (x86)\HP\Common\HPDestPlgIn\;C:\Users\User\AppData\Local\Microsoft\WindowsApps;C:\Users\User\AppData\Local\Programs\Microsoft VS Code\bin;C:\jdk-21.0.8_windows-x64_bin\jdk-21.0.8\bin;C:\apache-maven-3.9.12-bin\apache-maven-3.9.12\bin;C:\node-v20.19.6-win-x64\node-v20.19.6-win-x64;C:\Program Files (x86)\HP\Common\HPDestPlgIn\
USERNAME=User
OS=Windows_NT
PROCESSOR_IDENTIFIER=Intel64 Family 6 Model 60 Stepping 3, GenuineIntel
TMP=C:\Users\User\AppData\Local\Temp
TEMP=C:\Users\User\AppData\Local\Temp




Periodic native trim disabled

---------------  S Y S T E M  ---------------

OS:
 Windows 10 , 64 bit Build 19041 (10.0.19041.5915)
OS uptime: 0 days 18:05 hours
Hyper-V role detected

CPU: total 8 (initial active 8) (4 cores per cpu, 2 threads per core) family 6 model 60 stepping 3 microcode 0x27, cx8, cmov, fxsr, ht, mmx, sse, sse2, sse3, ssse3, sse4.1, sse4.2, popcnt, lzcnt, tsc, tscinvbit, avx, avx2, aes, erms, clmul, bmi1, bmi2, fma, vzeroupper, clflush, hv, rdtscp, f16c
Processor Information for all 8 processors :
  Max Mhz: 3401, Current Mhz: 3401, Mhz Limit: 3401

Memory: 4k page, system-wide physical 8086M (634M free)
TotalPageFile size 17814M (AvailPageFile size 7020M)
current process WorkingSet (physical memory assigned to process): 282M, peak: 282M
current process commit charge ("private bytes"): 322M, peak: 322M

vm_info: Java HotSpot(TM) 64-Bit Server VM (21.0.8+12-LTS-250) for windows-amd64 JRE (21.0.8+12-LTS-250), built on 2025-06-27T08:11:22Z by "mach5one" with MS VC++ 17.6 (VS2022)

END.
